<html>
<body>
<pre>
<h1>µVision Build Log</h1>
<h2>Tool Versions:</h2>
IDE-Version: µVision V5.23.0.0
Copyright (C) 2017 ARM Ltd and ARM Germany GmbH. All rights reserved.
License Information: felix Felix, ir, LIC=----
 
Tool Versions:
Toolchain:       MDK-Lite  Version: 5.23
Toolchain Path:  C:\Hochschule\s4\embedded c++\OrgelProjekt\arm\ARM\ARMCC\Bin
C Compiler:      Armcc.exe V5.06 update 4 (build 422)
Assembler:       Armasm.exe V5.06 update 4 (build 422)
Linker/Locator:  ArmLink.exe V5.06 update 4 (build 422)
Library Manager: ArmAr.exe V5.06 update 4 (build 422)
Hex Converter:   FromElf.exe V5.06 update 4 (build 422)
CPU DLL:         SARMCM3.DLL V5.23
Dialog DLL:      DARMP1.DLL V1.27.0.0
Target DLL:      UL2CM3.DLL V1.159.7.0
Dialog DLL:      TARMP1.DLL V1.26.0.0
 
<h2>Project:</h2>
C:\Hochschule\s4\embedded c++\OrgelProjekt\Orgel\Orgel\Orgel\main_LPC17xx.uvprojx
Project File Date:  06/16/2017

<h2>Output:</h2>
*** Using Compiler 'V5.06 update 4 (build 422)', folder: 'C:\Hochschule\s4\embedded c++\OrgelProjekt\arm\ARM\ARMCC\Bin'
Rebuild target 'Target 1'
assembling RTOS_Asm.s...
assembling startup_LPC17xx.s...
compiling RTOS.cpp...
compiling main.cpp...
compiling Analog.cpp...
compiling AnalogIn.cpp...
compiling AnalogInADC.cpp...
compiling AnalogOut.cpp...
compiling AnalogOutDAC.cpp...
compiling PWM.cpp...
compiling lib.cpp...
linking...
Program Size: Code=20224 RO-data=3020 RW-data=232 ZI-data=29200  
FromELF: creating hex file...
".\Bin\LPC17xx\main.axf" - 0 Error(s), 0 Warning(s).

<h2>Software Packages used:</h2>

Package Vendor: ARM
                http://www.keil.com/pack/ARM.CMSIS.5.0.1.pack
                ARM::CMSIS:CORE:5.0.1
                CMSIS (Cortex Microcontroller Software Interface Standard)
   * Component: CORE Version: 5.0.1

<h2>Collection of Component include folders:</h2>
  .\RTE\_Target_1
  C:\Hochschule\s4\embedded c++\OrgelProjekt\arm\ARM\PACK\ARM\CMSIS\5.0.1\CMSIS\Include
  C:\Hochschule\s4\embedded c++\OrgelProjekt\arm\ARM\PACK\Keil\LPC1700_DFP\2.3.0\Device\Include

<h2>Collection of Component Files used:</h2>

   * Component: ARM::CMSIS:CORE:5.0.1
Build Time Elapsed:  00:00:04
</pre>
</body>
</html>
