Component: ARM Compiler 5.06 update 4 (build 422) Tool: armlink [4d35d2]

==============================================================================

Section Cross References

    startup_lpc17xx.o(STACK) refers (Special) to heapauxi.o(.text) for __use_two_region_memory
    startup_lpc17xx.o(HEAP) refers (Special) to heapauxi.o(.text) for __use_two_region_memory
    startup_lpc17xx.o(RESET) refers (Special) to heapauxi.o(.text) for __use_two_region_memory
    startup_lpc17xx.o(RESET) refers to startup_lpc17xx.o(STACK) for __initial_sp
    startup_lpc17xx.o(RESET) refers to startup_lpc17xx.o(.text) for Reset_Handler
    startup_lpc17xx.o(RESET) refers to lib.o(i.PendSV_Handler) for PendSV_Handler
    startup_lpc17xx.o(RESET) refers to lib.o(i.SysTick_Handler) for SysTick_Handler
    startup_lpc17xx.o(RESET) refers to lib.o(i.TIMER0_IRQHandler) for TIMER0_IRQHandler
    startup_lpc17xx.o(RESET) refers to lib.o(i.TIMER1_IRQHandler) for TIMER1_IRQHandler
    startup_lpc17xx.o(RESET) refers to lib.o(i.TIMER2_IRQHandler) for TIMER2_IRQHandler
    startup_lpc17xx.o(RESET) refers to lib.o(i.TIMER3_IRQHandler) for TIMER3_IRQHandler
    startup_lpc17xx.o(RESET) refers to lib.o(i.UART0_IRQHandler) for UART0_IRQHandler
    startup_lpc17xx.o(RESET) refers to lib.o(i.UART1_IRQHandler) for UART1_IRQHandler
    startup_lpc17xx.o(RESET) refers to lib.o(i.UART3_IRQHandler) for UART3_IRQHandler
    startup_lpc17xx.o(RESET) refers to lib.o(i.PWM1_IRQHandler) for PWM1_IRQHandler
    startup_lpc17xx.o(RESET) refers to lib.o(i.ADC_IRQHandler) for ADC_IRQHandler
    startup_lpc17xx.o(RESET) refers to lib.o(i.USB_IRQHandler) for USB_IRQHandler
    startup_lpc17xx.o(.ARM.__at_0x02FC) refers (Special) to heapauxi.o(.text) for __use_two_region_memory
    startup_lpc17xx.o(.text) refers (Special) to heapauxi.o(.text) for __use_two_region_memory
    startup_lpc17xx.o(.text) refers to __main.o(!!!main) for __main
    startup_lpc17xx.o(.text) refers to startup_lpc17xx.o(HEAP) for Heap_Mem
    startup_lpc17xx.o(.text) refers to startup_lpc17xx.o(STACK) for Stack_Mem
    lib.o(i.ADC_IRQHandler) refers to lib.o(.data) for cHwADC_0::adcPtr
    lib.o(i.PWM1_IRQHandler) refers to lib.o(i._ZN10cHwTimer_N3isrEv) for cHwTimer_N::isr()
    lib.o(i.PWM1_IRQHandler) refers to lib.o(.data) for cHwTimer_N::timerPtr_PWM
    lib.o(i.PendSV_Handler) refers to rtos_asm.o(.text) for save_context
    lib.o(i.PendSV_Handler) refers to lib.o(.data) for stackPointer
    lib.o(i.SysTick_Handler) refers to rtos_asm.o(.text) for save_context
    lib.o(i.SysTick_Handler) refers to lib.o(.data) for stackPointer
    lib.o(i.SystemInit) refers to lib.o(.data) for SystemFrequency
    lib.o(i.TIMER0_IRQHandler) refers to lib.o(i._ZN10cHwTimer_N3isrEv) for cHwTimer_N::isr()
    lib.o(i.TIMER0_IRQHandler) refers to lib.o(.data) for cHwTimer_N::timerPtr_0
    lib.o(i.TIMER1_IRQHandler) refers to lib.o(i._ZN10cHwTimer_N3isrEv) for cHwTimer_N::isr()
    lib.o(i.TIMER1_IRQHandler) refers to lib.o(.data) for cHwTimer_N::timerPtr_1
    lib.o(i.TIMER2_IRQHandler) refers to lib.o(i._ZN10cHwTimer_N3isrEv) for cHwTimer_N::isr()
    lib.o(i.TIMER2_IRQHandler) refers to lib.o(.data) for cHwTimer_N::timerPtr_2
    lib.o(i.TIMER3_IRQHandler) refers to lib.o(i._ZN10cHwTimer_N3isrEv) for cHwTimer_N::isr()
    lib.o(i.TIMER3_IRQHandler) refers to lib.o(.data) for cHwTimer_N::timerPtr_3
    lib.o(i.UART0_IRQHandler) refers to lib.o(.data) for cHwUART_N::uartPtr_0
    lib.o(i.UART1_IRQHandler) refers to lib.o(.data) for cHwUART_N::uartPtr_1
    lib.o(i.UART3_IRQHandler) refers to lib.o(.data) for cHwUART_N::uartPtr_3
    lib.o(i.USB_IRQHandler) refers to lib.o(i._ZN8cHwUSB_03isrEv) for cHwUSB_0::isr()
    lib.o(i.USB_IRQHandler) refers to lib.o(.data) for cHwUSB_0::usbPtr
    lib.o(i._Z4ntohj) refers to lib.o(i._Z4htonj) for hton(unsigned)
    lib.o(i._Z4ntoht) refers to lib.o(i._Z4htont) for hton(unsigned short)
    lib.o(i._ZN10cDevTextIO6printfEPKcz) refers to c89vsnprintf.o(.text) for __c89vsnprintf
    lib.o(i._ZN10cDevTextIO6printfEPKcz) refers to strlen.o(.text) for strlen
    lib.o(i._ZN10cDevTextIO9getStringEv) refers to strchr.o(.text) for strchr
    lib.o(i._ZN10cDevTextIOC2EhhPKcS1_) refers to lib.o(i._Znaj) for operator new[] (unsigned)
    lib.o(i._ZN10cDevTextIOC2EhhPKcS1_) refers to lib.o(.constdata__ZTV10cDevTextIO) for vtable for cDevTextIO
    lib.o(i._ZN10cHwDisplayC2Ehh) refers to lib.o(.constdata__ZTV10cHwDisplay) for vtable for cHwDisplay
    lib.o(i._ZN10cHwTimer_N9enablePWMEhN8cHwTimer4ModeE) refers to lib.o(i._ZN12cHwPinConfig3setENS_8FunctionEj) for cHwPinConfig::set(cHwPinConfig::Function, unsigned)
    lib.o(i._ZN10cHwTimer_NC1ENS_7TimerIdEj) refers to lib.o(i._ZN5cListC1Ev) for cList::cList()
    lib.o(i._ZN10cHwTimer_NC1ENS_7TimerIdEj) refers to lib.o(i._Z16__NVIC_EnableIRQ4IRQn) for __NVIC_EnableIRQ(IRQn)
    lib.o(i._ZN10cHwTimer_NC1ENS_7TimerIdEj) refers to fflt_clz.o(x$fpl$ffltu) for __aeabi_ui2f
[...]
    __Heap_DescSize                          0x000007c5   Thumb Code     4  h1_init.o(.text)
    _printf_truncate_signed                  0x000007c9   Thumb Code    18  _printf_truncate.o(.text)
    _printf_truncate_unsigned                0x000007db   Thumb Code    18  _printf_truncate.o(.text)
    _printf_str                              0x000007ed   Thumb Code    82  _printf_str.o(.text)
    _printf_int_common                       0x0000083f   Thumb Code   178  _printf_intcommon.o(.text)
    _printf_charcount                        0x000008f1   Thumb Code    40  _printf_charcount.o(.text)
    _printf_char_common                      0x00000923   Thumb Code    32  _printf_char_common.o(.text)
    _sputc                                   0x00000949   Thumb Code    10  _sputc.o(.text)
    _snputc                                  0x00000953   Thumb Code    16  _snputc.o(.text)
    _printf_wctomb                           0x00000965   Thumb Code   182  _printf_wctomb.o(.text)
    _printf_longlong_dec                     0x00000a21   Thumb Code   108  _printf_longlong_dec.o(.text)
    _printf_longlong_oct                     0x00000a9d   Thumb Code    66  _printf_oct_int_ll.o(.text)
    _printf_int_oct                          0x00000adf   Thumb Code    24  _printf_oct_int_ll.o(.text)
    _printf_ll_oct                           0x00000af7   Thumb Code    12  _printf_oct_int_ll.o(.text)
    _printf_longlong_hex                     0x00000b0d   Thumb Code    86  _printf_hex_int_ll_ptr.o(.text)
    _printf_int_hex                          0x00000b63   Thumb Code    28  _printf_hex_int_ll_ptr.o(.text)
    _printf_ll_hex                           0x00000b7f   Thumb Code    12  _printf_hex_int_ll_ptr.o(.text)
    _printf_hex_ptr                          0x00000b8b   Thumb Code    18  _printf_hex_int_ll_ptr.o(.text)
    __cxa_finalize                           0x00000ba1   Thumb Code    66  cxa_finalize.o(.text)
    __rt_SIGABRT                             0x00000be3   Thumb Code    14  defsig_abrt_outer.o(.text)
    __user_libspace                          0x00000bf1   Thumb Code     8  libspace.o(.text)
    __user_perproc_libspace                  0x00000bf1   Thumb Code     0  libspace.o(.text)
    __user_perthread_libspace                0x00000bf1   Thumb Code     0  libspace.o(.text)
    __Heap_ProvideMemory                     0x00000bf9   Thumb Code    52  h1_extend.o(.text)
    __semihosting_library_function           0x00000bf9   Thumb Code     0  indicate_semi.o(.text)
    _ll_udiv10                               0x00000c2d   Thumb Code   138  lludiv10.o(.text)
    __lib_sel_fp_printf                      0x00000cb7   Thumb Code     2  _printf_fp_dec.o(.text)
    _printf_fp_dec_real                      0x00000e65   Thumb Code   620  _printf_fp_dec.o(.text)
    _printf_cs_common                        0x000010d1   Thumb Code    20  _printf_char.o(.text)
    _printf_char                             0x000010e5   Thumb Code    16  _printf_char.o(.text)
    _printf_string                           0x000010f5   Thumb Code     8  _printf_char.o(.text)
    _printf_lcs_common                       0x000010fd   Thumb Code    20  _printf_wchar.o(.text)
    _printf_wchar                            0x00001111   Thumb Code    16  _printf_wchar.o(.text)
    _printf_wstring                          0x00001121   Thumb Code     8  _printf_wchar.o(.text)
    _wcrtomb                                 0x00001129   Thumb Code    64  _wcrtomb.o(.text)
    __sig_exit                               0x00001169   Thumb Code    10  defsig_exit.o(.text)
    __rt_SIGABRT_inner                       0x00001175   Thumb Code    14  defsig_abrt_inner.o(.text)
    __rt_SIGRTMEM                            0x000011a5   Thumb Code    14  defsig_rtmem_outer.o(.text)
    __user_setup_stackheap                   0x000011b3   Thumb Code    74  sys_stackheap_outer.o(.text)
    __rt_ctype_table                         0x000011fd   Thumb Code    16  rt_ctype_table.o(.text)
    __rt_locale                              0x0000120d   Thumb Code     8  rt_locale_intlibspace.o(.text)
    _printf_fp_infnan                        0x00001215   Thumb Code   112  _printf_fp_infnan.o(.text)
    _btod_etento                             0x00001295   Thumb Code   216  bigflt0.o(.text)
    exit                                     0x00001371   Thumb Code    18  exit.o(.text)
    __default_signal_display                 0x00001383   Thumb Code    50  defsig_general.o(.text)
    __rt_SIGRTMEM_inner                      0x000013b5   Thumb Code    22  defsig_rtmem_inner.o(.text)
    _ttywrch                                 0x00001405   Thumb Code    14  sys_wrch.o(.text)
    strcmp                                   0x00001415   Thumb Code   128  strcmpv7m.o(.text)
    _btod_d2e                                0x00001495   Thumb Code    62  btod.o(CL$$btod_d2e)
    _d2e_denorm_low                          0x000014d3   Thumb Code    70  btod.o(CL$$btod_d2e_denorm_low)
    _d2e_norm_op1                            0x00001519   Thumb Code    96  btod.o(CL$$btod_d2e_norm_op1)
    __btod_div_common                        0x00001579   Thumb Code   696  btod.o(CL$$btod_div_common)
    _e2e                                     0x000018b1   Thumb Code   198  btod.o(CL$$btod_e2e)
    _btod_ediv                               0x00001977   Thumb Code    40  btod.o(CL$$btod_ediv)
    _btod_emul                               0x0000199f   Thumb Code    40  btod.o(CL$$btod_emul)
    __btod_mult_common                       0x000019c7   Thumb Code   580  btod.o(CL$$btod_mult_common)
    ADC_IRQHandler                           0x00001c0d   Thumb Code    26  lib.o(i.ADC_IRQHandler)
    PWM1_IRQHandler                          0x00001c31   Thumb Code    12  lib.o(i.PWM1_IRQHandler)
    PendSV_Handler                           0x00001c41   Thumb Code    36  lib.o(i.PendSV_Handler)
    SysTick_Handler                          0x00001c6d   Thumb Code    46  lib.o(i.SysTick_Handler)
    SystemInit                               0x00001ca9   Thumb Code   526  lib.o(i.SystemInit)
    TIMER0_IRQHandler                        0x00001ed5   Thumb Code    12  lib.o(i.TIMER0_IRQHandler)
    TIMER1_IRQHandler                        0x00001ee5   Thumb Code    12  lib.o(i.TIMER1_IRQHandler)
    TIMER2_IRQHandler                        0x00001ef5   Thumb Code    12  lib.o(i.TIMER2_IRQHandler)
    TIMER3_IRQHandler                        0x00001f05   Thumb Code    12  lib.o(i.TIMER3_IRQHandler)
    UART0_IRQHandler                         0x00001f15   Thumb Code    18  lib.o(i.UART0_IRQHandler)
    UART1_IRQHandler                         0x00001f2d   Thumb Code    18  lib.o(i.UART1_IRQHandler)
    UART3_IRQHandler                         0x00001f45   Thumb Code    18  lib.o(i.UART3_IRQHandler)
    USB_IRQHandler                           0x00001f5d   Thumb Code    12  lib.o(i.USB_IRQHandler)
    cHwDisplay::cHwDisplay__sub_object(unsigned char, unsigned char) 0x00001f89   Thumb Code    10  lib.o(i._ZN10cHwDisplayC2Ehh)
    cHwTimer_N::isr()                        0x00001f99   Thumb Code    40  lib.o(i._ZN10cHwTimer_N3isrEv)
    cHwTimer_N::setPWM(unsigned short, unsigned char) 0x00001fc1   Thumb Code   138  lib.o(i._ZN10cHwTimer_N6setPWMEth)
    cHwTimer_N::enablePWM(unsigned char, cHwTimer::Mode) 0x00002051   Thumb Code   174  lib.o(i._ZN10cHwTimer_N9enablePWMEhN8cHwTimer4ModeE)
    cHwTimer_N::cHwTimer_N(cHwTimer_N::TimerId, unsigned) 0x00002105   Thumb Code   312  lib.o(i._ZN10cHwTimer_NC1ENS_7TimerIdEj)
    cHwTimer_N::cHwTimer_N__sub_object(cHwTimer_N::TimerId, unsigned) 0x00002105   Thumb Code     0  lib.o(i._ZN10cHwTimer_NC1ENS_7TimerIdEj)
    AnalogInADC::Get()                       0x00002281   Thumb Code    48  analoginadc.o(i._ZN11AnalogInADC3GetEv)
    AnalogInADC::AnalogInADC(unsigned char, cHwADC&, float, short) 0x000022b1   Thumb Code    52  analoginadc.o(i._ZN11AnalogInADCC1EhR6cHwADCfs)
    AnalogInADC::AnalogInADC__sub_object(unsigned char, cHwADC&, float, short) 0x000022b1   Thumb Code     0  analoginadc.o(i._ZN11AnalogInADCC1EhR6cHwADCfs)
    cDevDigital::isReleased()                0x000022e9   Thumb Code    18  lib.o(i._ZN11cDevDigital10isReleasedEv)
    cDevDigital::isActivated()               0x000022fb   Thumb Code    18  lib.o(i._ZN11cDevDigital11isActivatedEv)
    cDevDigital::get()                       0x0000230d   Thumb Code    26  lib.o(i._ZN11cDevDigital3getEv)
    cDevDigital::set(bool)                   0x00002327   Thumb Code    32  lib.o(i._ZN11cDevDigital3setEb)
    cDevDigital::isSet()                     0x00002347   Thumb Code     6  lib.o(i._ZN11cDevDigital5isSetEv)
    cDevDigital::update()                    0x0000234d   Thumb Code    20  lib.o(i._ZN11cDevDigital6updateEv)
    cDevDigital::cDevDigital(cHwPort&, unsigned char, cDevDigital::Mode, bool) 0x00002361   Thumb Code    70  lib.o(i._ZN11cDevDigitalC1ER7cHwPorthNS_4ModeEb)
    cDevDigital::cDevDigital__sub_object(cHwPort&, unsigned char, cDevDigital::Mode, bool) 0x00002361   Thumb Code     0  lib.o(i._ZN11cDevDigitalC1ER7cHwPorthNS_4ModeEb)
    cDevDisplay::cDevDisplay__sub_object()   0x000023ad   Thumb Code     6  lib.o(i._ZN11cDevDisplayC2Ev)
    cHwRTOS_MCU::getSysTime()                0x000023b9   Thumb Code    30  rtos.o(i._ZN11cHwRTOS_MCU10getSysTimeEv)
    cHwRTOS_MCU::del_process()               0x000023e1   Thumb Code     4  rtos.o(i._ZN11cHwRTOS_MCU11del_processEv)
    cHwRTOS_MCU::start(char*, unsigned, void*, unsigned(*)(void*)) 0x000023e5   Thumb Code   102  rtos.o(i._ZN11cHwRTOS_MCU5startEPcjPvPFjS1_E)
    AnalogOutDAC::Set(unsigned short)        0x00002451   Thumb Code    60  analogoutdac.o(i._ZN12AnalogOutDAC3SetEt)
    AnalogOutDAC::AnalogOutDAC(unsigned char, float, short) 0x00002491   Thumb Code    40  analogoutdac.o(i._ZN12AnalogOutDACC1Ehfs)
    AnalogOutDAC::AnalogOutDAC__sub_object(unsigned char, float, short) 0x00002491   Thumb Code     0  analogoutdac.o(i._ZN12AnalogOutDACC1Ehfs)
    cHwPinConfig::set(cHwPinConfig::Function, unsigned) 0x000024bd   Thumb Code   250  lib.o(i._ZN12cHwPinConfig3setENS_8FunctionEj)
    cHwSPImaster::Device::stop()             0x000025c1   Thumb Code    14  lib.o(i._ZN12cHwSPImaster6Device4stopEv)
    cHwSPImaster::Device::start()            0x000025cf   Thumb Code    14  lib.o(i._ZN12cHwSPImaster6Device5startEv)
    cHwSPImaster::Device::write(unsigned char*, unsigned short) 0x000025dd   Thumb Code    56  lib.o(i._ZN12cHwSPImaster6Device5writeEPht)
    cHwSPImaster::Device::Device(const cHwSPImaster::Device&) 0x00002615   Thumb Code    30  lib.o(i._ZN12cHwSPImaster6DeviceC1ERKS0_)
    cHwSPImaster::Device::Device__sub_object(const cHwSPImaster::Device&) 0x00002615   Thumb Code     0  lib.o(i._ZN12cHwSPImaster6DeviceC1ERKS0_)
    cHwSPImaster::Device::Device(cHwSPImaster&, cHwPort&, unsigned char) 0x0000263d   Thumb Code    72  main.o(i._ZN12cHwSPImaster6DeviceC1ERS_R7cHwPorth)
    cHwSPImaster::Device::Device__sub_object(cHwSPImaster&, cHwPort&, unsigned char) 0x0000263d   Thumb Code     0  main.o(i._ZN12cHwSPImaster6DeviceC1ERS_R7cHwPorth)
    cHwSPImaster::cHwSPImaster__sub_object() 0x00002689   Thumb Code     6  lib.o(i._ZN12cHwSPImasterC2Ev)
    cTaskHandler::getCycleTime()             0x00002695   Thumb Code     6  lib.o(i._ZN12cTaskHandler12getCycleTimeEv)
    cTaskHandler::Task::Task__sub_object(cTaskHandler&) 0x0000269d   Thumb Code    34  lib.o(i._ZN12cTaskHandler4TaskC2ERS_)
    cTaskHandler::Timer::getTimeOfTic()      0x000026c5   Thumb Code    14  lib.o(i._ZN12cTaskHandler5Timer12getTimeOfTicEv)
    cTaskHandler::Timer::getTics()           0x000026d3   Thumb Code    14  lib.o(i._ZN12cTaskHandler5Timer7getTicsEv)
    cTaskHandler::Timer::Timer(cTaskHandler&, unsigned short, unsigned short) 0x000026e1   Thumb Code    42  lib.o(i._ZN12cTaskHandler5TimerC1ERS_tt)
    cTaskHandler::Timer::Timer__sub_object(cTaskHandler&, unsigned short, unsigned short) 0x000026e1   Thumb Code     0  lib.o(i._ZN12cTaskHandler5TimerC1ERS_tt)
    cTaskHandler::update()                   0x00002711   Thumb Code     8  lib.o(i._ZN12cTaskHandler6updateEv)
    cTaskHandler::addTask(cTaskHandler::Task*) 0x00002719   Thumb Code    34  lib.o(i._ZN12cTaskHandler7addTaskEPNS_4TaskE)
    cTaskHandler::getTics()                  0x0000273b   Thumb Code     6  lib.o(i._ZN12cTaskHandler7getTicsEv)
    cTaskHandler::cTaskHandler(cHwTimer*)    0x00002741   Thumb Code    74  lib.o(i._ZN12cTaskHandlerC1EP8cHwTimer)
    cTaskHandler::cTaskHandler__sub_object(cHwTimer*) 0x00002741   Thumb Code     0  lib.o(i._ZN12cTaskHandlerC1EP8cHwTimer)
    cTask_Example::update()                  0x00002791   Thumb Code     2  main.o(i._ZN13cTask_Example6updateEv)
    cHwDisplayFont::setChar(unsigned char)   0x00002793   Thumb Code    42  lib.o(i._ZN14cHwDisplayFont7setCharEh)
    cHwDisplayFont::getPixel(unsigned char, unsigned char) 0x000027bd   Thumb Code    48  lib.o(i._ZN14cHwDisplayFont8getPixelEhh)
    cHwDisplayFont::cHwDisplayFont(const cHwDisplayFontProperties*, const unsigned char*) 0x000027ed   Thumb Code    10  lib.o(i._ZN14cHwDisplayFontC1EPK24cHwDisplayFontPropertiesPKh)
    cHwDisplayFont::cHwDisplayFont__sub_object(const cHwDisplayFontProperties*, const unsigned char*) 0x000027ed   Thumb Code     0  lib.o(i._ZN14cHwDisplayFontC1EPK24cHwDisplayFontPropertiesPKh)
    cHwSPImaster_1::transceiveByte(unsigned char) 0x000027f9   Thumb Code    58  lib.o(i._ZN14cHwSPImaster_114transceiveByteEh)
    cHwSPImaster_1::cHwSPImaster_1(cHwSPImaster::MODE, cHwSPImaster::ClockPolPha) 0x00002839   Thumb Code   140  lib.o(i._ZN14cHwSPImaster_1C1EN12cHwSPImaster4MODEENS0_11ClockPolPhaE)
    cHwSPImaster_1::cHwSPImaster_1__sub_object(cHwSPImaster::MODE, cHwSPImaster::ClockPolPha) 0x00002839   Thumb Code     0  lib.o(i._ZN14cHwSPImaster_1C1EN12cHwSPImaster4MODEENS0_11ClockPolPhaE)
    cDevDisplayChar::printf(unsigned char, unsigned char, unsigned char, const char*, ...) 0x000028d1   Thumb Code   102  lib.o(i._ZN15cDevDisplayChar6printfEhhhPKcz)
    cDevDisplayChar::cDevDisplayChar(cHwDisplay&) 0x00002939   Thumb Code    32  lib.o(i._ZN15cDevDisplayCharC1ER10cHwDisplay)
    cDevDisplayChar::cDevDisplayChar__sub_object(cHwDisplay&) 0x00002939   Thumb Code     0  lib.o(i._ZN15cDevDisplayCharC1ER10cHwDisplay)
    cHwDisplayGraphic::gotoTextPos(unsigned char, unsigned char) 0x0000295d   Thumb Code    40  lib.o(i._ZN17cHwDisplayGraphic11gotoTextPosEhh)
    cHwDisplayGraphic::putChar(char)         0x00002985   Thumb Code   196  lib.o(i._ZN17cHwDisplayGraphic7putCharEc)
    cHwDisplayGraphic::cHwDisplayGraphic__sub_object(cHwDisplayFont, unsigned char) 0x00002a49   Thumb Code    62  lib.o(i._ZN17cHwDisplayGraphicC2E14cHwDisplayFonth)
    cRtosTask_Example::OnStop()              0x00002a8d   Thumb Code     2  main.o(i._ZN17cRtosTask_Example6OnStopEv)
    cRtosTask_Example::update()              0x00002a91   Thumb Code    50  main.o(i._ZN17cRtosTask_Example6updateEv)
    cRtosTask_Example::OnStart()             0x00002acd   Thumb Code    18  main.o(i._ZN17cRtosTask_Example7OnStartEv)
    cRtosTask_Example::~cRtosTask_Example()  0x00002adf   Thumb Code    16  main.o(i._ZN17cRtosTask_ExampleD1Ev)
    cRtosTask_Example::~cRtosTask_Example__sub_object() 0x00002adf   Thumb Code     0  main.o(i._ZN17cRtosTask_ExampleD1Ev)
    cDevControlEncoder::get()                0x00002aef   Thumb Code   100  lib.o(i._ZN18cDevControlEncoder3getEv)
    cDevControlEncoder::update()             0x00002b53   Thumb Code   134  lib.o(i._ZN18cDevControlEncoder6updateEv)
    cDevControlEncoder::getCtrl()            0x00002bd9   Thumb Code    48  lib.o(i._ZN18cDevControlEncoder7getCtrlEv)
    cDevControlEncoder::cDevControlEncoder__sub_object(cDevDigital*, cHwTimer*) 0x00002c09   Thumb Code    84  lib.o(i._ZN18cDevControlEncoderC2EP11cDevDigitalP8cHwTimer)
    cHwDisp_SPFD5408Bspi::init()             0x00002c61   Thumb Code   438  lib.o(i._ZN20cHwDisp_SPFD5408Bspi4initEv)
    cHwDisp_SPFD5408Bspi::clear()            0x00002e17   Thumb Code    62  lib.o(i._ZN20cHwDisp_SPFD5408Bspi5clearEv)
    cHwDisp_SPFD5408Bspi::setArea(unsigned short, unsigned short, unsigned short, unsigned short) 0x00002e55   Thumb Code   104  lib.o(i._ZN20cHwDisp_SPFD5408Bspi7setAreaEtttt)
    cHwDisp_SPFD5408Bspi::setPixel(unsigned short) 0x00002ebd   Thumb Code    16  lib.o(i._ZN20cHwDisp_SPFD5408Bspi8setPixelEt)
    cHwDisp_SPFD5408Bspi::writeCmd(unsigned short) 0x00002ecd   Thumb Code    38  lib.o(i._ZN20cHwDisp_SPFD5408Bspi8writeCmdEt)
    cHwDisp_SPFD5408Bspi::writeDat(unsigned short) 0x00002ef9   Thumb Code    38  lib.o(i._ZN20cHwDisp_SPFD5408Bspi8writeDatEt)
    cHwDisp_SPFD5408Bspi::writeReg(unsigned char, unsigned short) 0x00002f25   Thumb Code    26  lib.o(i._ZN20cHwDisp_SPFD5408Bspi8writeRegEht)
    cHwDisp_SPFD5408Bspi::maxWindow()        0x00002f3f   Thumb Code    60  lib.o(i._ZN20cHwDisp_SPFD5408Bspi9maxWindowEv)
    cHwDisp_SPFD5408Bspi::cHwDisp_SPFD5408Bspi(cHwSPImaster::Device&, cHwPort::Pin&, cHwDisplayFont, unsigned char) 0x00002f7d   Thumb Code    84  lib.o(i._ZN20cHwDisp_SPFD5408BspiC1ERN12cHwSPImaster6DeviceERN7cHwPort3PinE14cHwDisplayFonth)
    cHwDisp_SPFD5408Bspi::cHwDisp_SPFD5408Bspi__sub_object(cHwSPImaster::Device&, cHwPort::Pin&, cHwDisplayFont, unsigned char) 0x00002f7d   Thumb Code     0  lib.o(i._ZN20cHwDisp_SPFD5408BspiC1ERN12cHwSPImaster6DeviceERN7cHwPort3PinE14cHwDisplayFonth)
    cDevControlEncoderJoystick::getIncrement() 0x00002fd5   Thumb Code   114  lib.o(i._ZN26cDevControlEncoderJoystick12getIncrementEv)
    cDevControlEncoderJoystick::cDevControlEncoderJoystick(cDevDigital*, cDevDigital*, cDevDigital*, cHwTimer*, unsigned short) 0x00003049   Thumb Code    86  lib.o(i._ZN26cDevControlEncoderJoystickC1EP11cDevDigitalS1_S1_P8cHwTimert)
    cDevControlEncoderJoystick::cDevControlEncoderJoystick__sub_object(cDevDigital*, cDevDigital*, cDevDigital*, cHwTimer*, unsigned short) 0x00003049   Thumb Code     0  lib.o(i._ZN26cDevControlEncoderJoystickC1EP11cDevDigitalS1_S1_P8cHwTimert)
    PWM::set(unsigned short)                 0x000030a5   Thumb Code    16  pwm.o(i._ZN3PWM3setEt)
    PWM::enable()                            0x000030b5   Thumb Code     6  pwm.o(i._ZN3PWM6enableEv)
    PWM::update()                            0x000030bb   Thumb Code    66  pwm.o(i._ZN3PWM6updateEv)
    PWM::PWM(cHwTimer&, unsigned short, cDevDigital&) 0x000030fd   Thumb Code    98  pwm.o(i._ZN3PWMC1ER8cHwTimertR11cDevDigital)
    PWM::PWM__sub_object(cHwTimer&, unsigned short, cDevDigital&) 0x000030fd   Thumb Code     0  pwm.o(i._ZN3PWMC1ER8cHwTimertR11cDevDigital)
    cList::add(cList::Item*)                 0x0000316d   Thumb Code    44  lib.o(i._ZN5cList3addEPNS_4ItemE)
    cList::Item::update()                    0x00003199   Thumb Code     2  lib.o(i._ZN5cList4Item6updateEv)
    cList::Item::Item(cList*)                0x0000319d   Thumb Code    28  lib.o(i._ZN5cList4ItemC1EPS_)
    cList::Item::Item__sub_object(cList*)    0x0000319d   Thumb Code     0  lib.o(i._ZN5cList4ItemC1EPS_)
    cList::updateAll()                       0x000031bd   Thumb Code    24  lib.o(i._ZN5cList9updateAllEv)
    cList::cList()                           0x000031d5   Thumb Code     6  lib.o(i._ZN5cListC1Ev)
    cList::cList__sub_object()               0x000031d5   Thumb Code     0  lib.o(i._ZN5cListC1Ev)
    cRTOS::Stop(cRTOS::Task&)                0x000031dd   Thumb Code    44  rtos.o(i._ZN5cRTOS4StopERNS_4TaskE)
    cRTOS::Task::Stop()                      0x0000320d   Thumb Code    30  rtos.o(i._ZN5cRTOS4Task4StopEv)
    cRTOS::Task::Pause(unsigned short)       0x0000322b   Thumb Code    32  rtos.o(i._ZN5cRTOS4Task5PauseEt)
    cRTOS::Task::Start()                     0x0000324b   Thumb Code    30  rtos.o(i._ZN5cRTOS4Task5StartEv)
    cRTOS::Task::Finish()                    0x00003269   Thumb Code    30  rtos.o(i._ZN5cRTOS4Task6FinishEv)
    cRTOS::Task::OnStop()                    0x00003287   Thumb Code     2  rtos.o(i._ZN5cRTOS4Task6OnStopEv)
    cRTOS::Task::OnStart()                   0x00003289   Thumb Code     2  rtos.o(i._ZN5cRTOS4Task7OnStartEv)
    cRTOS::Task::starter(void*)              0x0000328b   Thumb Code    24  rtos.o(i._ZN5cRTOS4Task7starterEPv)
    cRTOS::Task::Task__sub_object(cRTOS&, unsigned) 0x000032a5   Thumb Code    38  rtos.o(i._ZN5cRTOS4TaskC2ERS_j)
    cRTOS::Task::~Task()                     0x000032d1   Thumb Code     0  rtos.o(i._ZN5cRTOS4TaskD2Ev)
    cRTOS::Task::~Task__sub_object()         0x000032d1   Thumb Code    28  rtos.o(i._ZN5cRTOS4TaskD2Ev)
    cRTOS::Pause(cRTOS::Task&)               0x000032f1   Thumb Code    18  rtos.o(i._ZN5cRTOS5PauseERNS_4TaskE)
    cRTOS::Start(cRTOS::Task&)               0x00003309   Thumb Code    52  rtos.o(i._ZN5cRTOS5StartERNS_4TaskE)
    cRTOS::Timer::getTimeOfTic()             0x00003341   Thumb Code     8  rtos.o(i._ZN5cRTOS5Timer12getTimeOfTicEv)
    cRTOS::Timer::getTics()                  0x00003349   Thumb Code    10  rtos.o(i._ZN5cRTOS5Timer7getTicsEv)
    cRTOS::Timer::Timer(unsigned short)      0x00003355   Thumb Code    32  rtos.o(i._ZN5cRTOS5TimerC1Et)
    cRTOS::Timer::Timer__sub_object(unsigned short) 0x00003355   Thumb Code     0  rtos.o(i._ZN5cRTOS5TimerC1Et)
    cRTOS::schedule(unsigned, unsigned char) 0x00003379   Thumb Code    34  main.o(i._ZN5cRTOS8scheduleEjh)
    cRTOS::cRTOS__sub_object()               0x000033a1   Thumb Code    10  rtos.o(i._ZN5cRTOSC2Ev)
    Analog::Analog(unsigned char, float, short) 0x000033b5   Thumb Code    14  analog.o(i._ZN6AnalogC1Ehfs)
    Analog::Analog__sub_object(unsigned char, float, short) 0x000033b5   Thumb Code     0  analog.o(i._ZN6AnalogC1Ehfs)
    cHwADC::get(unsigned char)               0x000033c9   Thumb Code    40  lib.o(i._ZN6cHwADC3getEh)
    cHwADC::isr()                            0x000033f1   Thumb Code    88  lib.o(i._ZN6cHwADC3isrEv)
    cHwADC::enable(unsigned char)            0x00003449   Thumb Code    62  lib.o(i._ZN6cHwADC6enableEh)
    cHwADC::update()                         0x00003487   Thumb Code    52  lib.o(i._ZN6cHwADC6updateEv)
    cHwADC::cHwADC__sub_object(unsigned char, cHwTimer*) 0x000034bd   Thumb Code    78  lib.o(i._ZN6cHwADCC2EhP8cHwTimer)
    cHwDAC::cHwDAC__sub_object(unsigned char) 0x00003511   Thumb Code     8  lib.o(i._ZN6cHwDACC2Eh)
    cTimer::set(unsigned short, unsigned short) 0x0000351d   Thumb Code    36  lib.o(i._ZN6cTimer3setEtt)
    cTimer::start(unsigned short, unsigned short) 0x00003541   Thumb Code    26  lib.o(i._ZN6cTimer5startEtt)
    cTimer::start()                          0x0000355b   Thumb Code    20  lib.o(i._ZN6cTimer5startEv)
    cTimer::timeout(unsigned short, unsigned short) 0x0000356f   Thumb Code    30  lib.o(i._ZN6cTimer7timeoutEtt)
    cTimer::timeout()                        0x0000358d   Thumb Code    58  lib.o(i._ZN6cTimer7timeoutEv)
    cTimer::cTimer__sub_object()             0x000035c9   Thumb Code    12  lib.o(i._ZN6cTimerC2Ev)
    cHwPort::Pin::clr()                      0x000035d9   Thumb Code    16  lib.o(i._ZN7cHwPort3Pin3clrEv)
    cHwPort::Pin::get()                      0x000035e9   Thumb Code    26  lib.o(i._ZN7cHwPort3Pin3getEv)
    cHwPort::Pin::set(bool)                  0x00003603   Thumb Code    32  lib.o(i._ZN7cHwPort3Pin3setEb)
    cHwPort::Pin::set()                      0x00003623   Thumb Code    16  lib.o(i._ZN7cHwPort3Pin3setEv)
    cHwPort::Pin::setMode(cHwPort::Mode)     0x00003633   Thumb Code    20  lib.o(i._ZN7cHwPort3Pin7setModeENS_4ModeE)
    cHwPort::Pin::Pin(cHwPort&, unsigned char) 0x00003649   Thumb Code    20  lib.o(i._ZN7cHwPort3PinC1ERS_h)
    cHwPort::Pin::Pin__sub_object(cHwPort&, unsigned char) 0x00003649   Thumb Code     0  lib.o(i._ZN7cHwPort3PinC1ERS_h)
    cHwPort::cHwPort__sub_object()           0x00003661   Thumb Code     6  lib.o(i._ZN7cHwPortC2Ev)
    cSystem::delayMicroSec(unsigned short)   0x0000366d   Thumb Code    44  lib.o(i._ZN7cSystem13delayMicroSecEt)
    cSystem::delayMilliSec(unsigned short)   0x0000369d   Thumb Code    24  lib.o(i._ZN7cSystem13delayMilliSecEt)
    cSystem::disableWatchdog()               0x000036b5   Thumb Code     2  lib.o(i._ZN7cSystem15disableWatchdogEv)
    cSystem::enableInterrupt()               0x000036b9   Thumb Code    28  lib.o(i._ZN7cSystem15enableInterruptEv)
    cSystem::disableInterrupt()              0x000036d9   Thumb Code    14  lib.o(i._ZN7cSystem16disableInterruptEv)
    cSystem::cSystem(unsigned char)          0x000036ed   Thumb Code    24  lib.o(i._ZN7cSystemC1Eh)
    cSystem::cSystem__sub_object(unsigned char) 0x000036ed   Thumb Code     0  lib.o(i._ZN7cSystemC1Eh)
    AnalogIn::AnalogIn__sub_object(unsigned char, float, short) 0x00003705   Thumb Code    36  analogin.o(i._ZN8AnalogInC2Ehfs)
    AnalogIn::operator unsigned short()      0x0000372d   Thumb Code    14  analogin.o(i._ZN8AnalogIncvtEv)
    cHwADC_0::startCh(unsigned char)         0x0000373d   Thumb Code    18  lib.o(i._ZN8cHwADC_07startChEh)
    cHwADC_0::configCh(unsigned char)        0x00003755   Thumb Code   108  lib.o(i._ZN8cHwADC_08configChEh)
    cHwADC_0::getResult()                    0x000037c1   Thumb Code    10  lib.o(i._ZN8cHwADC_09getResultEv)
    cHwADC_0::cHwADC_0(cHwTimer*)            0x000037d1   Thumb Code    76  lib.o(i._ZN8cHwADC_0C1EP8cHwTimer)
    cHwADC_0::cHwADC_0__sub_object(cHwTimer*) 0x000037d1   Thumb Code     0  lib.o(i._ZN8cHwADC_0C1EP8cHwTimer)
    cHwDAC_0::set(unsigned short, unsigned char) 0x00003831   Thumb Code    16  lib.o(i._ZN8cHwDAC_03setEth)
    cHwDAC_0::cHwDAC_0()                     0x00003845   Thumb Code    62  lib.o(i._ZN8cHwDAC_0C1Ev)
    cHwDAC_0::cHwDAC_0__sub_object()         0x00003845   Thumb Code     0  lib.o(i._ZN8cHwDAC_0C1Ev)
    cHwTimer::isrHandler()                   0x00003895   Thumb Code    14  lib.o(i._ZN8cHwTimer10isrHandlerEv)
    cHwTimer::getCycleTime()                 0x000038a3   Thumb Code     6  lib.o(i._ZN8cHwTimer12getCycleTimeEv)
    cHwTimer::add(cList::Item*)              0x000038a9   Thumb Code    18  lib.o(i._ZN8cHwTimer3addEPN5cList4ItemE)
    cHwUSB_0::isr()                          0x000038bd   Thumb Code   204  lib.o(i._ZN8cHwUSB_03isrEv)
    cHwUSB_0::WrCmd(unsigned)                0x0000399d   Thumb Code    30  lib.o(i._ZN8cHwUSB_05WrCmdEj)
    cHwUSB_0::RdCmdDat(unsigned)             0x000039c5   Thumb Code    38  lib.o(i._ZN8cHwUSB_08RdCmdDatEj)
    AnalogOut::AnalogOut__sub_object(unsigned char, float, short) 0x000039f5   Thumb Code    36  analogout.o(i._ZN9AnalogOutC2Ehfs)
    AnalogOut::operator =(unsigned short)    0x00003a1d   Thumb Code    18  analogout.o(i._ZN9AnalogOutaSEt)
    cHwPort_N::setPinMode(unsigned char, cHwPort::Mode) 0x00003a2f   Thumb Code    40  lib.o(i._ZN9cHwPort_N10setPinModeEhN7cHwPort4ModeE)
    cHwPort_N::clr(unsigned)                 0x00003a57   Thumb Code     6  lib.o(i._ZN9cHwPort_N3clrEj)
    cHwPort_N::get()                         0x00003a5d   Thumb Code     8  lib.o(i._ZN9cHwPort_N3getEv)
    cHwPort_N::set(unsigned)                 0x00003a65   Thumb Code     6  lib.o(i._ZN9cHwPort_N3setEj)
    cHwPort_N::cHwPort_N(cHwPort_N::PortId)  0x00003a6d   Thumb Code    78  lib.o(i._ZN9cHwPort_NC1ENS_6PortIdE)
    cHwPort_N::cHwPort_N__sub_object(cHwPort_N::PortId) 0x00003a6d   Thumb Code     0  lib.o(i._ZN9cHwPort_NC1ENS_6PortIdE)
    cHwDisplayFont::getCharWidth() const     0x00003ac5   Thumb Code     8  lib.o(i._ZNK14cHwDisplayFont12getCharWidthEv)
    cHwDisplayFont::getCharHeight() const    0x00003acd   Thumb Code     8  lib.o(i._ZNK14cHwDisplayFont13getCharHeightEv)
    operator delete (void*)                  0x00003ad5   Thumb Code    14  rtos.o(i._ZdlPv)
    operator new[] (unsigned)                0x00003ae3   Thumb Code    12  lib.o(i._Znaj)
    __ARM_fpclassify                         0x00003aef   Thumb Code    40  fpclassify.o(i.__ARM_fpclassify)
    __cxa_pure_virtual                       0x00003b17   Thumb Code     4  lib.o(i.__cxa_pure_virtual)
    _is_digit                                0x00003cdd   Thumb Code    14  __printf_wp.o(i._is_digit)
    main                                     0x00003ced   Thumb Code   282  main.o(i.main)
    _get_lc_numeric                          0x00003e6d   Thumb Code    44  lc_numeric_c.o(locale$$code)
    _get_lc_ctype                            0x00003e99   Thumb Code    44  lc_ctype_c.o(locale$$code)
    cFifo<cDevControlEncoder::tEvent>::isFull() 0x00003ec5   Thumb Code    32  lib.o(t._ZN5cFifoIN18cDevControlEncoder6tEventEE6isFullEv)
    cFifo<cDevControlEncoder::tEvent>::operator <<(const cDevControlEncoder::tEvent&) 0x00003ee5   Thumb Code    64  lib.o(t._ZN5cFifoIN18cDevControlEncoder6tEventEElsERKS1_)
    cRTOS_RR<(unsigned char)3>::add(unsigned) 0x00003f25   Thumb Code    52  main.o(t._ZN8cRTOS_RRILh3EE3addEj)
    cRTOS_RR<(unsigned char)3>::del(int)     0x00003f59   Thumb Code    28  main.o(t._ZN8cRTOS_RRILh3EE3delEi)
    cRTOS_RR<(unsigned char)3>::get(int)     0x00003f75   Thumb Code    10  main.o(t._ZN8cRTOS_RRILh3EE3getEi)
    cRTOS_RR<(unsigned char)3>::scheduler(unsigned, bool) 0x00003f7f   Thumb Code    88  main.o(t._ZN8cRTOS_RRILh3EE9schedulerEjb)
    cRTOS_RR<(unsigned char)3>::cRTOS_RR(unsigned) 0x00003fd9   Thumb Code   130  main.o(t._ZN8cRTOS_RRILh3EEC1Ej)
    cRTOS_RR<(unsigned char)3>::cRTOS_RR__sub_object(unsigned) 0x00003fd9   Thumb Code     0  main.o(t._ZN8cRTOS_RRILh3EEC1Ej)
    __aeabi_d2f                              0x00004075   Thumb Code     0  d2f.o(x$fpl$d2f)
    _d2f                                     0x00004075   Thumb Code    98  d2f.o(x$fpl$d2f)
    __aeabi_dadd                             0x000040d9   Thumb Code     0  daddsub_clz.o(x$fpl$dadd)
    _dadd                                    0x000040d9   Thumb Code   332  daddsub_clz.o(x$fpl$dadd)
    __aeabi_ddiv                             0x00004229   Thumb Code     0  ddiv.o(x$fpl$ddiv)
    _ddiv                                    0x00004229   Thumb Code   552  ddiv.o(x$fpl$ddiv)
    __aeabi_d2uiz                            0x000044d9   Thumb Code     0  dfixu.o(x$fpl$dfixu)
    _dfixu                                   0x000044d9   Thumb Code    90  dfixu.o(x$fpl$dfixu)
    __aeabi_ui2d                             0x00004533   Thumb Code     0  dflt_clz.o(x$fpl$dfltu)
    _dfltu                                   0x00004533   Thumb Code    38  dflt_clz.o(x$fpl$dfltu)
    __aeabi_dmul                             0x00004559   Thumb Code     0  dmul.o(x$fpl$dmul)
    _dmul                                    0x00004559   Thumb Code   332  dmul.o(x$fpl$dmul)
    __fpl_dnaninf                            0x000046ad   Thumb Code   156  dnaninf.o(x$fpl$dnaninf)
    __fpl_dretinf                            0x00004749   Thumb Code    12  dretinf.o(x$fpl$dretinf)
    __aeabi_dsub                             0x00004755   Thumb Code     0  daddsub_clz.o(x$fpl$dsub)
    _dsub                                    0x00004755   Thumb Code   464  daddsub_clz.o(x$fpl$dsub)
    __aeabi_f2d                              0x00004929   Thumb Code     0  f2d.o(x$fpl$f2d)
    _f2d                                     0x00004929   Thumb Code    86  f2d.o(x$fpl$f2d)
    __aeabi_fadd                             0x00004981   Thumb Code     0  faddsub_clz.o(x$fpl$fadd)
    _fadd                                    0x00004981   Thumb Code   196  faddsub_clz.o(x$fpl$fadd)
    __fpl_fcmp_Inf                           0x00004a45   Thumb Code    24  fcmpi.o(x$fpl$fcmpinf)
    __aeabi_fdiv                             0x00004a5d   Thumb Code     0  fdiv.o(x$fpl$fdiv)
    _fdiv                                    0x00004a5d   Thumb Code   384  fdiv.o(x$fpl$fdiv)
    __aeabi_f2uiz                            0x00004be1   Thumb Code     0  ffixu.o(x$fpl$ffixu)
    _ffixu                                   0x00004be1   Thumb Code    62  ffixu.o(x$fpl$ffixu)
    __aeabi_i2f                              0x00004c21   Thumb Code     0  fflt_clz.o(x$fpl$fflt)
    _fflt                                    0x00004c21   Thumb Code    48  fflt_clz.o(x$fpl$fflt)
    __aeabi_ui2f                             0x00004c51   Thumb Code     0  fflt_clz.o(x$fpl$ffltu)
    _ffltu                                   0x00004c51   Thumb Code    38  fflt_clz.o(x$fpl$ffltu)
    __aeabi_cfcmple                          0x00004c79   Thumb Code     0  fleqf.o(x$fpl$fleqf)
    _fcmple                                  0x00004c79   Thumb Code   104  fleqf.o(x$fpl$fleqf)
    __fpl_fcmple_InfNaN                      0x00004ccb   Thumb Code     0  fleqf.o(x$fpl$fleqf)
    __aeabi_fmul                             0x00004ce1   Thumb Code     0  fmul.o(x$fpl$fmul)
    _fmul                                    0x00004ce1   Thumb Code   258  fmul.o(x$fpl$fmul)
    __fpl_fnaninf                            0x00004de3   Thumb Code   140  fnaninf.o(x$fpl$fnaninf)
    __fpl_fretinf                            0x00004e6f   Thumb Code    10  fretinf.o(x$fpl$fretinf)
    __aeabi_cfrcmple                         0x00004e79   Thumb Code     0  frleqf.o(x$fpl$frleqf)
    _frcmple                                 0x00004e79   Thumb Code    98  frleqf.o(x$fpl$frleqf)
    __aeabi_fsub                             0x00004edd   Thumb Code     0  faddsub_clz.o(x$fpl$fsub)
    _fsub                                    0x00004edd   Thumb Code   234  faddsub_clz.o(x$fpl$fsub)
    _printf_fp_dec                           0x00004fc7   Thumb Code     4  printf1.o(x$fpl$printf1)
    __I$use$fp                               0x00004fca   Number         0  usenofp.o(x$fpl$usenofp)
    vtable for cHwDisplay                    0x00005544   Data          28  lib.o(.constdata__ZTV10cHwDisplay)
    vtable for cHwTimer_N                    0x00005560   Data          28  lib.o(.constdata__ZTV10cHwTimer_N)
    vtable for AnalogInADC                   0x0000557c   Data          28  analoginadc.o(.constdata__ZTV11AnalogInADC)
    vtable for cDevDigital                   0x00005598   Data          68  lib.o(.constdata__ZTV11cDevDigital)
    vtable for cDevDisplay                   0x000055dc   Data          16  lib.o(.constdata__ZTV11cDevDisplay)
    vtable for AnalogOutDAC                  0x000055ec   Data          28  analogoutdac.o(.constdata__ZTV12AnalogOutDAC)
    vtable for cHwSPImaster                  0x00005608   Data          16  lib.o(.constdata__ZTV12cHwSPImaster)
    vtable for cTaskHandler                  0x00005618   Data          28  lib.o(.constdata__ZTV12cTaskHandler)
    vtable for cTask_Example                 0x00005634   Data          12  main.o(.constdata__ZTV13cTask_Example)
    vtable for cHwSPImaster_1                0x00005640   Data          16  lib.o(.constdata__ZTV14cHwSPImaster_1)
    vtable for cDevDisplayChar               0x00005650   Data          20  lib.o(.constdata__ZTV15cDevDisplayChar)
    vtable for cHwDisplayGraphic             0x00005664   Data          80  lib.o(.constdata__ZTV17cHwDisplayGraphic)
    vtable for cRtosTask_Example             0x000056b4   Data          48  main.o(.constdata__ZTV17cRtosTask_Example)
    vtable for cDevControlEncoder            0x000056e4   Data          20  lib.o(.constdata__ZTV18cDevControlEncoder)
    vtable for cHwDisp_SPFD5408Bspi          0x000056f8   Data          80  lib.o(.constdata__ZTV20cHwDisp_SPFD5408Bspi)
    vtable for cDevControlEncoderJoystick    0x00005748   Data          20  lib.o(.constdata__ZTV26cDevControlEncoderJoystick)
    vtable for PWM                           0x0000575c   Data          20  pwm.o(.constdata__ZTV3PWM)
    vtable for cRTOS                         0x00005770   Data          24  rtos.o(.constdata__ZTV5cRTOS)
    vtable for Analog                        0x00005788   Data          16  analog.o(.constdata__ZTV6Analog)
    vtable for cHwADC                        0x00005798   Data          40  lib.o(.constdata__ZTV6cHwADC)
    vtable for cHwDAC                        0x000057c0   Data          20  lib.o(.constdata__ZTV6cHwDAC)
    vtable for cTimer                        0x000057d4   Data          16  lib.o(.constdata__ZTV6cTimer)
    vtable for cHwPort                       0x000057e4   Data          32  lib.o(.constdata__ZTV7cHwPort)
    vtable for AnalogIn                      0x00005804   Data          28  analogin.o(.constdata__ZTV8AnalogIn)
    vtable for cHwADC_0                      0x00005820   Data          40  lib.o(.constdata__ZTV8cHwADC_0)
    vtable for cHwDAC_0                      0x00005848   Data          20  lib.o(.constdata__ZTV8cHwDAC_0)
    vtable for cHwTimer                      0x0000585c   Data          28  lib.o(.constdata__ZTV8cHwTimer)
    vtable for cRTOS_RR<(unsigned char)3>    0x00005878   Data          24  main.o(.constdata__ZTV8cRTOS_RRILh3EE)
    vtable for AnalogOut                     0x00005890   Data          28  analogout.o(.constdata__ZTV9AnalogOut)
    vtable for cHwPort_N                     0x000058ac   Data          32  lib.o(.constdata__ZTV9cHwPort_N)
    vtable for cHwSPImaster::Device          0x000058cc   Data          44  lib.o(.constdata__ZTVN12cHwSPImaster6DeviceE)
    vtable for cTaskHandler::Task            0x000058f8   Data          12  lib.o(.constdata__ZTVN12cTaskHandler4TaskE)
    vtable for cTaskHandler::Timer           0x00005904   Data          16  lib.o(.constdata__ZTVN12cTaskHandler5TimerE)
    vtable for cList::Item                   0x00005914   Data          12  lib.o(.constdata__ZTVN5cList4ItemE)
    vtable for cRTOS::Task                   0x00005920   Data          48  rtos.o(.constdata__ZTVN5cRTOS4TaskE)
    vtable for cRTOS::Timer                  0x00005950   Data          16  rtos.o(.constdata__ZTVN5cRTOS5TimerE)
    vtable for cHwPort::Pin                  0x00005960   Data          28  lib.o(.constdata__ZTVN7cHwPort3PinE)
    Region$$Table$$Base                      0x0000597c   Number         0  anon$$obj.o(Region$$Table)
    Region$$Table$$Limit                     0x0000599c   Number         0  anon$$obj.o(Region$$Table)
    __ctype                                  0x000059c5   Data           0  lc_ctype_c.o(locale$$data)
    SHT$$INIT_ARRAY$$Base                    0x00005ac8   Number         0  main.o(.init_array)
    SHT$$INIT_ARRAY$$Limit                   0x00005acc   Number         0  init_aeabi.o(.init_array)
    SystemFrequency                          0x10000000   Data           4  lib.o(.data)
    cIdx                                     0x10000004   Data           4  lib.o(.data)
    pIdx                                     0x10000008   Data           4  lib.o(.data)
    tcnt                                     0x1000000c   Data           4  lib.o(.data)
    fcnt                                     0x10000010   Data           4  lib.o(.data)
    cSystem::cntInterrupt                    0x10000014   Data           1  lib.o(.data)
    cHwRTOS_MCU::schedule                    0x10000018   Data           4  lib.o(.data)
    cHwRTOS_MCU::sysTic                      0x1000001c   Data           4  lib.o(.data)
    cHwRTOS_MCU::sysTicTime                  0x10000020   Data           4  lib.o(.data)
    cHwADC_0::adcPtr                         0x10000024   Data           4  lib.o(.data)
    cHwTimer_N::timerPtr_0                   0x10000028   Data           4  lib.o(.data)
    cHwTimer_N::timerPtr_1                   0x1000002c   Data           4  lib.o(.data)
    cHwTimer_N::timerPtr_2                   0x10000030   Data           4  lib.o(.data)
    cHwTimer_N::timerPtr_3                   0x10000034   Data           4  lib.o(.data)
    cHwTimer_N::timerPtr_PWM                 0x10000038   Data           4  lib.o(.data)
    cHwUART_N::uartPtr_0                     0x1000003c   Data           4  lib.o(.data)
    cHwUART_N::uartPtr_1                     0x10000040   Data           4  lib.o(.data)
    cHwUART_N::uartPtr_3                     0x10000044   Data           4  lib.o(.data)
    cHwUSB_0::usbPtr                         0x10000048   Data           4  lib.o(.data)
    cRTOS::ptr                               0x10000054   Data           4  rtos.o(.data)
    sys                                      0x10000058   Data           1  main.o(.data)
    port0                                    0x1000005c   Data           8  main.o(.data)
    port1                                    0x10000064   Data           8  main.o(.data)
    port4                                    0x1000006c   Data           8  main.o(.data)
    dac                                      0x10000074   Data           8  main.o(.data)
    spi1                                     0x1000007c   Data           4  main.o(.data)
    disp                                     0x10000080   Data           8  main.o(.data)
    task_Example                             0x10000088   Data           8  main.o(.data)
    x                                        0x10000090   Data           2  main.o(.data)
    y                                        0x10000092   Data           2  main.o(.data)
    cHwPinConfig::table                      0x10000094   Data          84  main.o(.data)
    timer                                    0x100000e8   Data          24  main.o(.bss)
    timerPWM                                 0x10000100   Data          24  main.o(.bss)
    adc                                      0x10000118   Data          36  main.o(.bss)
    spiDisplay                               0x1000013c   Data          24  main.o(.bss)
    pinBackLight                             0x10000154   Data          16  main.o(.bss)
    dispHw                                   0x10000164   Data          60  main.o(.bss)
    btnRight                                 0x100001a0   Data          24  main.o(.bss)
    btnLeft                                  0x100001b8   Data          24  main.o(.bss)
    btnCtrl                                  0x100001d0   Data          24  main.o(.bss)
    enc                                      0x100001e8   Data          32  main.o(.bss)
    led                                      0x10000208   Data          24  main.o(.bss)
    taskHandler                              0x10000220   Data          28  main.o(.bss)
    rtos                                     0x1000023c   Data          48  main.o(.bss)
    rtos_task_Example                        0x1000026c   Data          44  main.o(.bss)
    __libspace_start                         0x10000298   Data          96  libspace.o(.bss)
    __temporary_stack_top$libspace           0x100002f8   Data           0  libspace.o(.bss)



==============================================================================

Memory Map of the image

  Image Entry point : 0x00000225

  Load Region LR_1 (Base: 0x00000000, Size: 0x00005bb4, Max: 0xffffffff, ABSOLUTE)

    Execution Region ER_RO (Base: 0x00000000, Size: 0x00005acc, Max: 0xffffffff, ABSOLUTE)

    Base Addr    Size         Type   Attr      Idx    E Section Name        Object

    0x00000000   0x000000cc   Data   RO            3    RESET               startup_lpc17xx.o
    0x000000cc   0x00000008   Code   RO         6555  * !!!main             c_w.l(__main.o)
    0x000000d4   0x00000034   Code   RO         7219    !!!scatter          c_w.l(__scatter.o)
    0x00000108   0x0000001a   Code   RO         7221    !!handler_copy      c_w.l(__scatter_copy.o)
    0x00000122   0x00000002   PAD
    0x00000124   0x0000001c   Code   RO         7223    !!handler_zi        c_w.l(__scatter_zi.o)
    0x00000140   0x00000000   Code   RO         6534    .ARM.Collect$$_printf_percent$$00000000  c_w.l(_printf_percent.o)
    0x00000140   0x00000006   Code   RO         6842    .ARM.Collect$$_printf_percent$$00000001  c_w.l(_printf_n.o)
    0x00000146   0x00000006   Code   RO         6844    .ARM.Collect$$_printf_percent$$00000002  c_w.l(_printf_p.o)
    0x0000014c   0x00000006   Code   RO         6848    .ARM.Collect$$_printf_percent$$00000003  c_w.l(_printf_f.o)
    0x00000152   0x00000006   Code   RO         6849    .ARM.Collect$$_printf_percent$$00000004  c_w.l(_printf_e.o)
    0x00000158   0x00000006   Code   RO         6850    .ARM.Collect$$_printf_percent$$00000005  c_w.l(_printf_g.o)
    0x0000015e   0x00000006   Code   RO         6851    .ARM.Collect$$_printf_percent$$00000006  c_w.l(_printf_a.o)
    0x00000164   0x0000000a   Code   RO         6856    .ARM.Collect$$_printf_percent$$00000007  c_w.l(_printf_ll.o)
    0x0000016e   0x00000006   Code   RO         6846    .ARM.Collect$$_printf_percent$$00000008  c_w.l(_printf_i.o)
    0x00000174   0x00000006   Code   RO         6533    .ARM.Collect$$_printf_percent$$00000009  c_w.l(_printf_d.o)
    0x0000017a   0x00000006   Code   RO         6847    .ARM.Collect$$_printf_percent$$0000000A  c_w.l(_printf_u.o)
    0x00000180   0x00000006   Code   RO         6845    .ARM.Collect$$_printf_percent$$0000000B  c_w.l(_printf_o.o)
    0x00000186   0x00000006   Code   RO         6843    .ARM.Collect$$_printf_percent$$0000000C  c_w.l(_printf_x.o)
    0x0000018c   0x00000006   Code   RO         6853    .ARM.Collect$$_printf_percent$$0000000D  c_w.l(_printf_lli.o)
    0x00000192   0x00000006   Code   RO         6854    .ARM.Collect$$_printf_percent$$0000000E  c_w.l(_printf_lld.o)
    0x00000198   0x00000006   Code   RO         6855    .ARM.Collect$$_printf_percent$$0000000F  c_w.l(_printf_llu.o)
    0x0000019e   0x00000006   Code   RO         6860    .ARM.Collect$$_printf_percent$$00000010  c_w.l(_printf_llo.o)
    0x000001a4   0x00000006   Code   RO         6861    .ARM.Collect$$_printf_percent$$00000011  c_w.l(_printf_llx.o)
    0x000001aa   0x0000000a   Code   RO         6857    .ARM.Collect$$_printf_percent$$00000012  c_w.l(_printf_l.o)
    0x000001b4   0x00000006   Code   RO         6840    .ARM.Collect$$_printf_percent$$00000013  c_w.l(_printf_c.o)
    0x000001ba   0x00000006   Code   RO         6841    .ARM.Collect$$_printf_percent$$00000014  c_w.l(_printf_s.o)
    0x000001c0   0x00000006   Code   RO         6858    .ARM.Collect$$_printf_percent$$00000015  c_w.l(_printf_lc.o)
    0x000001c6   0x00000006   Code   RO         6859    .ARM.Collect$$_printf_percent$$00000016  c_w.l(_printf_ls.o)
    0x000001cc   0x00000004   Code   RO         6852    .ARM.Collect$$_printf_percent$$00000017  c_w.l(_printf_percent_end.o)
    0x000001d0   0x00000002   Code   RO         7166    .ARM.Collect$$libinit$$00000000  c_w.l(libinit.o)
    0x000001d2   0x00000000   Code   RO         6876    .ARM.Collect$$libinit$$00000002  c_w.l(libinit2.o)
    0x000001d2   0x00000000   Code   RO         6878    .ARM.Collect$$libinit$$00000004  c_w.l(libinit2.o)
    0x000001d2   0x00000008   Code   RO         6879    .ARM.Collect$$libinit$$00000005  c_w.l(libinit2.o)
    0x000001da   0x00000000   Code   RO         6881    .ARM.Collect$$libinit$$0000000A  c_w.l(libinit2.o)
    0x000001da   0x00000000   Code   RO         6883    .ARM.Collect$$libinit$$0000000C  c_w.l(libinit2.o)
    0x000001da   0x00000000   Code   RO         6885    .ARM.Collect$$libinit$$0000000E  c_w.l(libinit2.o)
    0x000001da   0x00000006   Code   RO         6886    .ARM.Collect$$libinit$$0000000F  c_w.l(libinit2.o)
    0x000001e0   0x00000000   Code   RO         6888    .ARM.Collect$$libinit$$00000011  c_w.l(libinit2.o)
    0x000001e0   0x0000000c   Code   RO         6889    .ARM.Collect$$libinit$$00000012  c_w.l(libinit2.o)
    0x000001ec   0x00000000   Code   RO         6890    .ARM.Collect$$libinit$$00000013  c_w.l(libinit2.o)
    0x000001ec   0x00000000   Code   RO         6892    .ARM.Collect$$libinit$$00000015  c_w.l(libinit2.o)
    0x000001ec   0x0000000a   Code   RO         6893    .ARM.Collect$$libinit$$00000016  c_w.l(libinit2.o)
    0x000001f6   0x00000000   Code   RO         6894    .ARM.Collect$$libinit$$00000017  c_w.l(libinit2.o)
    0x000001f6   0x00000000   Code   RO         6896    .ARM.Collect$$libinit$$00000019  c_w.l(libinit2.o)
    0x000001f6   0x00000000   Code   RO         6898    .ARM.Collect$$libinit$$0000001B  c_w.l(libinit2.o)
    0x000001f6   0x00000000   Code   RO         6900    .ARM.Collect$$libinit$$0000001D  c_w.l(libinit2.o)
    0x000001f6   0x00000000   Code   RO         6902    .ARM.Collect$$libinit$$0000001F  c_w.l(libinit2.o)
    0x000001f6   0x00000000   Code   RO         6904    .ARM.Collect$$libinit$$00000021  c_w.l(libinit2.o)
    0x000001f6   0x00000000   Code   RO         6906    .ARM.Collect$$libinit$$00000023  c_w.l(libinit2.o)
    0x000001f6   0x00000000   Code   RO         6908    .ARM.Collect$$libinit$$00000025  c_w.l(libinit2.o)
    0x000001f6   0x00000000   Code   RO         6912    .ARM.Collect$$libinit$$0000002C  c_w.l(libinit2.o)
    0x000001f6   0x00000000   Code   RO         6914    .ARM.Collect$$libinit$$0000002E  c_w.l(libinit2.o)
    0x000001f6   0x00000000   Code   RO         6916    .ARM.Collect$$libinit$$00000030  c_w.l(libinit2.o)
    0x000001f6   0x00000004   Code   RO         6917    .ARM.Collect$$libinit$$00000031  c_w.l(libinit2.o)
    0x000001fa   0x00000000   Code   RO         6918    .ARM.Collect$$libinit$$00000032  c_w.l(libinit2.o)
    0x000001fa   0x00000002   Code   RO         6919    .ARM.Collect$$libinit$$00000033  c_w.l(libinit2.o)
    0x000001fc   0x00000002   Code   RO         7216    .ARM.Collect$$libshutdown$$00000000  c_w.l(libshutdown.o)
    0x000001fe   0x00000006   Code   RO         7058    .ARM.Collect$$libshutdown$$00000001  c_w.l(libshutdown2.o)
    0x00000204   0x00000000   Code   RO         7059    .ARM.Collect$$libshutdown$$00000002  c_w.l(libshutdown2.o)
    0x00000204   0x00000000   Code   RO         7061    .ARM.Collect$$libshutdown$$00000004  c_w.l(libshutdown2.o)
    0x00000204   0x00000000   Code   RO         7064    .ARM.Collect$$libshutdown$$00000007  c_w.l(libshutdown2.o)
    0x00000204   0x00000000   Code   RO         7067    .ARM.Collect$$libshutdown$$0000000A  c_w.l(libshutdown2.o)
    0x00000204   0x00000000   Code   RO         7069    .ARM.Collect$$libshutdown$$0000000C  c_w.l(libshutdown2.o)
    0x00000204   0x00000000   Code   RO         7072    .ARM.Collect$$libshutdown$$0000000F  c_w.l(libshutdown2.o)
    0x00000204   0x00000002   Code   RO         7073    .ARM.Collect$$libshutdown$$00000010  c_w.l(libshutdown2.o)
    0x00000206   0x00000000   Code   RO         6757    .ARM.Collect$$rtentry$$00000000  c_w.l(__rtentry.o)
    0x00000206   0x00000000   Code   RO         7002    .ARM.Collect$$rtentry$$00000002  c_w.l(__rtentry2.o)
    0x00000206   0x00000006   Code   RO         7014    .ARM.Collect$$rtentry$$00000004  c_w.l(__rtentry4.o)
    0x0000020c   0x00000000   Code   RO         7004    .ARM.Collect$$rtentry$$00000009  c_w.l(__rtentry2.o)
    0x0000020c   0x00000004   Code   RO         7005    .ARM.Collect$$rtentry$$0000000A  c_w.l(__rtentry2.o)
    0x00000210   0x00000000   Code   RO         7007    .ARM.Collect$$rtentry$$0000000C  c_w.l(__rtentry2.o)
    0x00000210   0x00000008   Code   RO         7008    .ARM.Collect$$rtentry$$0000000D  c_w.l(__rtentry2.o)
    0x00000218   0x00000002   Code   RO         7178    .ARM.Collect$$rtexit$$00000000  c_w.l(rtexit.o)
    0x0000021a   0x00000000   Code   RO         7196    .ARM.Collect$$rtexit$$00000002  c_w.l(rtexit2.o)
    0x0000021a   0x00000004   Code   RO         7197    .ARM.Collect$$rtexit$$00000003  c_w.l(rtexit2.o)
    0x0000021e   0x00000006   Code   RO         7198    .ARM.Collect$$rtexit$$00000004  c_w.l(rtexit2.o)
    0x00000224   0x00000000   Code   RO         7027    .emb_text           c_w.l(maybetermalloc1.o)
    0x00000224   0x00000038   Code   RO            5  * .text               startup_lpc17xx.o
    0x0000025c   0x00000020   Code   RO           13    .text               rtos_asm.o
    0x0000027c   0x0000005e   Code   RO         6439    .text               c_w.l(h1_alloc.o)
    0x000002da   0x00000016   Code   RO         6535    .text               c_w.l(abort.o)
    0x000002f0   0x00000006   Code   RO         6553    .text               c_w.l(heapauxi.o)
    0x000002f6   0x00000004   Code   RO         6772    .text               c_w.l(hguard.o)
    0x000002fa   0x00000002   Code   RO         6998    .text               c_w.l(use_no_semi.o)
    0x000002fc   0x00000004   Code   RO            4    .ARM.__at_0x02FC    startup_lpc17xx.o
    0x00000300   0x0000004e   Code   RO         6441    .text               c_w.l(h1_free.o)
    0x0000034e   0x000000ee   Code   RO         6497    .text               c_w.l(lludivv7m.o)
    0x0000043c   0x00000034   Code   RO         6501    .text               c_w.l(c89vsnprintf.o)
    0x00000470   0x0000004e   Code   RO         6509    .text               c_w.l(_printf_pad.o)
    0x000004be   0x00000002   PAD
    0x000004c0   0x00000078   Code   RO         6511    .text               c_w.l(_printf_dec.o)
    0x00000538   0x00000188   Code   RO         6530    .text               c_w.l(__printf_flags_ss_wp.o)
    0x000006c0   0x0000002e   Code   RO         6540    .text               c_w.l(aeabi_atexit.o)
    0x000006ee   0x00000002   PAD
    0x000006f0   0x00000024   Code   RO         6560    .text               c_w.l(init_aeabi.o)
    0x00000714   0x0000000c   Code   RO         6753    .text               c_w.l(sys_exit.o)
    0x00000720   0x00000008   Code   RO         6765    .text               c_w.l(rt_heap_descriptor_intlibspace.o)
    0x00000728   0x00000008   Code   RO         6770    .text               c_w.l(rt_ddtor_pointer_addr_intlibspace.o)
    0x00000730   0x0000008a   Code   RO         6774    .text               c_w.l(init_alloc.o)
    0x000007ba   0x0000000e   Code   RO         6778    .text               c_w.l(h1_init.o)
    0x000007c8   0x00000024   Code   RO         6794    .text               c_w.l(_printf_truncate.o)
    0x000007ec   0x00000052   Code   RO         6796    .text               c_w.l(_printf_str.o)
    0x0000083e   0x000000b2   Code   RO         6798    .text               c_w.l(_printf_intcommon.o)
    0x000008f0   0x00000028   Code   RO         6800    .text               c_w.l(_printf_charcount.o)
    0x00000918   0x00000030   Code   RO         6802    .text               c_w.l(_printf_char_common.o)
    0x00000948   0x0000000a   Code   RO         6804    .text               c_w.l(_sputc.o)
    0x00000952   0x00000010   Code   RO         6806    .text               c_w.l(_snputc.o)
    0x00000962   0x00000002   PAD
    0x00000964   0x000000bc   Code   RO         6808    .text               c_w.l(_printf_wctomb.o)
    0x00000a20   0x0000007c   Code   RO         6811    .text               c_w.l(_printf_longlong_dec.o)
    0x00000a9c   0x00000070   Code   RO         6817    .text               c_w.l(_printf_oct_int_ll.o)
    0x00000b0c   0x00000094   Code   RO         6837    .text               c_w.l(_printf_hex_int_ll_ptr.o)
    0x00000ba0   0x00000042   Code   RO         6862    .text               c_w.l(cxa_finalize.o)
    0x00000be2   0x0000000e   Code   RO         6865    .text               c_w.l(defsig_abrt_outer.o)
    0x00000bf0   0x00000008   Code   RO         6995    .text               c_w.l(libspace.o)
    0x00000bf8   0x00000000   Code   RO         7000    .text               c_w.l(indicate_semi.o)
    0x00000bf8   0x00000034   Code   RO         7029    .text               c_w.l(h1_extend.o)
    0x00000c2c   0x0000008a   Code   RO         7033    .text               c_w.l(lludiv10.o)
    0x00000cb6   0x0000041a   Code   RO         7035    .text               c_w.l(_printf_fp_dec.o)
    0x000010d0   0x0000002c   Code   RO         7039    .text               c_w.l(_printf_char.o)
    0x000010fc   0x0000002c   Code   RO         7041    .text               c_w.l(_printf_wchar.o)
    0x00001128   0x00000040   Code   RO         7043    .text               c_w.l(_wcrtomb.o)
    0x00001168   0x0000000a   Code   RO         7045    .text               c_w.l(defsig_exit.o)
    0x00001172   0x00000002   PAD
    0x00001174   0x00000030   Code   RO         7047    .text               c_w.l(defsig_abrt_inner.o)
    0x000011a4   0x0000000e   Code   RO         7049    .text               c_w.l(defsig_rtmem_outer.o)
    0x000011b2   0x0000004a   Code   RO         7099    .text               c_w.l(sys_stackheap_outer.o)
    0x000011fc   0x00000010   Code   RO         7101    .text               c_w.l(rt_ctype_table.o)
    0x0000120c   0x00000008   Code   RO         7106    .text               c_w.l(rt_locale_intlibspace.o)
    0x00001214   0x00000080   Code   RO         7115    .text               c_w.l(_printf_fp_infnan.o)
    0x00001294   0x000000dc   Code   RO         7117    .text               c_w.l(bigflt0.o)
    0x00001370   0x00000012   Code   RO         7145    .text               c_w.l(exit.o)
    0x00001382   0x00000032   Code   RO         7149    .text               c_w.l(defsig_general.o)
    0x000013b4   0x00000050   Code   RO         7155    .text               c_w.l(defsig_rtmem_inner.o)
    0x00001404   0x0000000e   Code   RO         7176    .text               c_w.l(sys_wrch.o)
    0x00001412   0x00000002   PAD
    0x00001414   0x00000080   Code   RO         7191    .text               c_w.l(strcmpv7m.o)
    0x00001494   0x0000003e   Code   RO         7120    CL$$btod_d2e        c_w.l(btod.o)
    0x000014d2   0x00000046   Code   RO         7122    CL$$btod_d2e_denorm_low  c_w.l(btod.o)
    0x00001518   0x00000060   Code   RO         7121    CL$$btod_d2e_norm_op1  c_w.l(btod.o)
    0x00001578   0x00000338   Code   RO         7130    CL$$btod_div_common  c_w.l(btod.o)
    0x000018b0   0x000000c6   Code   RO         7127    CL$$btod_e2e        c_w.l(btod.o)
    0x00001976   0x00000028   Code   RO         7124    CL$$btod_ediv       c_w.l(btod.o)
    0x0000199e   0x00000028   Code   RO         7123    CL$$btod_emul       c_w.l(btod.o)
    0x000019c6   0x00000244   Code   RO         7129    CL$$btod_mult_common  c_w.l(btod.o)
    0x00001c0a   0x00000002   PAD
    0x00001c0c   0x00000024   Code   RO           20    i.ADC_IRQHandler    lib.o
    0x00001c30   0x00000010   Code   RO           21    i.PWM1_IRQHandler   lib.o
    0x00001c40   0x0000002c   Code   RO           22    i.PendSV_Handler    lib.o
    0x00001c6c   0x0000003c   Code   RO           23    i.SysTick_Handler   lib.o
    0x00001ca8   0x0000022c   Code   RO           24    i.SystemInit        lib.o
    0x00001ed4   0x00000010   Code   RO           25    i.TIMER0_IRQHandler  lib.o
    0x00001ee4   0x00000010   Code   RO           26    i.TIMER1_IRQHandler  lib.o
    0x00001ef4   0x00000010   Code   RO           27    i.TIMER2_IRQHandler  lib.o
    0x00001f04   0x00000010   Code   RO           28    i.TIMER3_IRQHandler  lib.o
    0x00001f14   0x00000018   Code   RO           29    i.UART0_IRQHandler  lib.o
    0x00001f2c   0x00000018   Code   RO           30    i.UART1_IRQHandler  lib.o
    0x00001f44   0x00000018   Code   RO           31    i.UART3_IRQHandler  lib.o
    0x00001f5c   0x00000010   Code   RO           32    i.USB_IRQHandler    lib.o
    0x00001f6c   0x0000001a   Code   RO           33    i._Z16__NVIC_EnableIRQ4IRQn  lib.o
    0x00001f86   0x00000002   PAD
    0x00001f88   0x00000010   Code   RO           50    i._ZN10cHwDisplayC2Ehh  lib.o
    0x00001f98   0x00000028   Code   RO           51    i._ZN10cHwTimer_N3isrEv  lib.o
    0x00001fc0   0x00000090   Code   RO           52    i._ZN10cHwTimer_N6setPWMEth  lib.o
    0x00002050   0x000000b4   Code   RO           53    i._ZN10cHwTimer_N9enablePWMEhN8cHwTimer4ModeE  lib.o
    0x00002104   0x0000017c   Code   RO           54    i._ZN10cHwTimer_NC1ENS_7TimerIdEj  lib.o
    0x00002280   0x00000030   Code   RO         6086    i._ZN11AnalogInADC3GetEv  analoginadc.o
    0x000022b0   0x00000038   Code   RO         6087    i._ZN11AnalogInADCC1EhR6cHwADCfs  analoginadc.o
    0x000022e8   0x00000012   Code   RO         3776    i._ZN11cDevDigital10isReleasedEv  lib.o
    0x000022fa   0x00000012   Code   RO         3782    i._ZN11cDevDigital11isActivatedEv  lib.o
    0x0000230c   0x0000001a   Code   RO           68    i._ZN11cDevDigital3getEv  lib.o
    0x00002326   0x00000020   Code   RO           69    i._ZN11cDevDigital3setEb  lib.o
    0x00002346   0x00000006   Code   RO         3764    i._ZN11cDevDigital5isSetEv  lib.o
    0x0000234c   0x00000014   Code   RO         3757    i._ZN11cDevDigital6updateEv  lib.o
    0x00002360   0x0000004c   Code   RO           71    i._ZN11cDevDigitalC1ER7cHwPorthNS_4ModeEb  lib.o
    0x000023ac   0x0000000c   Code   RO           72    i._ZN11cDevDisplayC2Ev  lib.o
    0x000023b8   0x00000028   Code   RO         5077    i._ZN11cHwRTOS_MCU10getSysTimeEv  rtos.o
    0x000023e0   0x00000004   Code   RO         5113    i._ZN11cHwRTOS_MCU11del_processEv  rtos.o
    0x000023e4   0x0000006c   Code   RO         5089    i._ZN11cHwRTOS_MCU5startEPcjPvPFjS1_E  rtos.o
    0x00002450   0x00000040   Code   RO         6188    i._ZN12AnalogOutDAC3SetEt  analogoutdac.o
    0x00002490   0x0000002c   Code   RO         6189    i._ZN12AnalogOutDACC1Ehfs  analogoutdac.o
    0x000024bc   0x00000104   Code   RO           99    i._ZN12cHwPinConfig3setENS_8FunctionEj  lib.o
    0x000025c0   0x0000000e   Code   RO         3358    i._ZN12cHwSPImaster6Device4stopEv  lib.o
    0x000025ce   0x0000000e   Code   RO         3352    i._ZN12cHwSPImaster6Device5startEv  lib.o
    0x000025dc   0x00000038   Code   RO         3008    i._ZN12cHwSPImaster6Device5writeEPht  lib.o
    0x00002614   0x00000028   Code   RO         3029    i._ZN12cHwSPImaster6DeviceC1ERKS0_  lib.o
    0x0000263c   0x0000004c   Code   RO         5465    i._ZN12cHwSPImaster6DeviceC1ERS_R7cHwPorth  main.o
    0x00002688   0x0000000c   Code   RO          102    i._ZN12cHwSPImasterC2Ev  lib.o
    0x00002694   0x00000006   Code   RO         3829    i._ZN12cTaskHandler12getCycleTimeEv  lib.o
    0x0000269a   0x00000002   PAD
    0x0000269c   0x00000028   Code   RO          104    i._ZN12cTaskHandler4TaskC2ERS_  lib.o
    0x000026c4   0x0000000e   Code   RO          105    i._ZN12cTaskHandler5Timer12getTimeOfTicEv  lib.o
    0x000026d2   0x0000000e   Code   RO          106    i._ZN12cTaskHandler5Timer7getTicsEv  lib.o
    0x000026e0   0x00000030   Code   RO          107    i._ZN12cTaskHandler5TimerC1ERS_tt  lib.o
    0x00002710   0x00000008   Code   RO         3848    i._ZN12cTaskHandler6updateEv  lib.o
    0x00002718   0x00000022   Code   RO          108    i._ZN12cTaskHandler7addTaskEPNS_4TaskE  lib.o
    0x0000273a   0x00000006   Code   RO         3835    i._ZN12cTaskHandler7getTicsEv  lib.o
    0x00002740   0x00000050   Code   RO          109    i._ZN12cTaskHandlerC1EP8cHwTimer  lib.o
    0x00002790   0x00000002   Code   RO         5503    i._ZN13cTask_Example6updateEv  main.o
    0x00002792   0x0000002a   Code   RO          137    i._ZN14cHwDisplayFont7setCharEh  lib.o
    0x000027bc   0x00000030   Code   RO          138    i._ZN14cHwDisplayFont8getPixelEhh  lib.o
    0x000027ec   0x0000000a   Code   RO          139    i._ZN14cHwDisplayFontC1EPK24cHwDisplayFontPropertiesPKh  lib.o
    0x000027f6   0x00000002   PAD
    0x000027f8   0x00000040   Code   RO          150    i._ZN14cHwSPImaster_114transceiveByteEh  lib.o
    0x00002838   0x00000098   Code   RO          152    i._ZN14cHwSPImaster_1C1EN12cHwSPImaster4MODEENS0_11ClockPolPhaE  lib.o
    0x000028d0   0x00000066   Code   RO          173    i._ZN15cDevDisplayChar6printfEhhhPKcz  lib.o
    0x00002936   0x00000002   PAD
    0x00002938   0x00000024   Code   RO          174    i._ZN15cDevDisplayCharC1ER10cHwDisplay  lib.o
    0x0000295c   0x00000028   Code   RO          244    i._ZN17cHwDisplayGraphic11gotoTextPosEhh  lib.o
    0x00002984   0x000000c4   Code   RO          250    i._ZN17cHwDisplayGraphic7putCharEc  lib.o
    0x00002a48   0x00000044   Code   RO          255    i._ZN17cHwDisplayGraphicC2E14cHwDisplayFonth  lib.o
    0x00002a8c   0x00000002   Code   RO         5519    i._ZN17cRtosTask_Example6OnStopEv  main.o
    0x00002a8e   0x00000002   PAD
    0x00002a90   0x0000003c   Code   RO         5512    i._ZN17cRtosTask_Example6updateEv  main.o
    0x00002acc   0x00000012   Code   RO         5525    i._ZN17cRtosTask_Example7OnStartEv  main.o
    0x00002ade   0x00000010   Code   RO         5472    i._ZN17cRtosTask_ExampleD1Ev  main.o
    0x00002aee   0x00000064   Code   RO          267    i._ZN18cDevControlEncoder3getEv  lib.o
    0x00002b52   0x00000086   Code   RO          268    i._ZN18cDevControlEncoder6updateEv  lib.o
    0x00002bd8   0x00000030   Code   RO          269    i._ZN18cDevControlEncoder7getCtrlEv  lib.o
    0x00002c08   0x00000058   Code   RO          270    i._ZN18cDevControlEncoderC2EP11cDevDigitalP8cHwTimer  lib.o
    0x00002c60   0x000001b6   Code   RO          301    i._ZN20cHwDisp_SPFD5408Bspi4initEv  lib.o
    0x00002e16   0x0000003e   Code   RO          302    i._ZN20cHwDisp_SPFD5408Bspi5clearEv  lib.o
    0x00002e54   0x00000068   Code   RO         3569    i._ZN20cHwDisp_SPFD5408Bspi7setAreaEtttt  lib.o
    0x00002ebc   0x00000010   Code   RO         3581    i._ZN20cHwDisp_SPFD5408Bspi8setPixelEt  lib.o
    0x00002ecc   0x0000002c   Code   RO         3116    i._ZN20cHwDisp_SPFD5408Bspi8writeCmdEt  lib.o
    0x00002ef8   0x0000002c   Code   RO         3110    i._ZN20cHwDisp_SPFD5408Bspi8writeDatEt  lib.o
    0x00002f24   0x0000001a   Code   RO         3563    i._ZN20cHwDisp_SPFD5408Bspi8writeRegEht  lib.o
    0x00002f3e   0x0000003c   Code   RO         3122    i._ZN20cHwDisp_SPFD5408Bspi9maxWindowEv  lib.o
    0x00002f7a   0x00000002   PAD
    0x00002f7c   0x00000058   Code   RO          303    i._ZN20cHwDisp_SPFD5408BspiC1ERN12cHwSPImaster6DeviceERN7cHwPort3PinE14cHwDisplayFonth  lib.o
    0x00002fd4   0x00000072   Code   RO          323    i._ZN26cDevControlEncoderJoystick12getIncrementEv  lib.o
    0x00003046   0x00000002   PAD
    0x00003048   0x0000005c   Code   RO          324    i._ZN26cDevControlEncoderJoystickC1EP11cDevDigitalS1_S1_P8cHwTimert  lib.o
    0x000030a4   0x00000010   Code   RO         6240    i._ZN3PWM3setEt     pwm.o
    0x000030b4   0x00000006   Code   RO         6241    i._ZN3PWM6enableEv  pwm.o
    0x000030ba   0x00000042   Code   RO         6242    i._ZN3PWM6updateEv  pwm.o
    0x000030fc   0x00000070   Code   RO         6244    i._ZN3PWMC1ER8cHwTimertR11cDevDigital  pwm.o
    0x0000316c   0x0000002c   Code   RO          331    i._ZN5cList3addEPNS_4ItemE  lib.o
    0x00003198   0x00000002   Code   RO         4088    i._ZN5cList4Item6updateEv  lib.o
    0x0000319a   0x00000002   PAD
    0x0000319c   0x00000020   Code   RO          334    i._ZN5cList4ItemC1EPS_  lib.o
    0x000031bc   0x00000018   Code   RO          336    i._ZN5cList9updateAllEv  lib.o
    0x000031d4   0x00000006   Code   RO          337    i._ZN5cListC1Ev     lib.o
    0x000031da   0x00000002   PAD
    0x000031dc   0x00000030   Code   RO         4966    i._ZN5cRTOS4StopERNS_4TaskE  rtos.o
    0x0000320c   0x0000001e   Code   RO         4967    i._ZN5cRTOS4Task4StopEv  rtos.o
    0x0000322a   0x00000020   Code   RO         4968    i._ZN5cRTOS4Task5PauseEt  rtos.o
    0x0000324a   0x0000001e   Code   RO         4969    i._ZN5cRTOS4Task5StartEv  rtos.o
    0x00003268   0x0000001e   Code   RO         4970    i._ZN5cRTOS4Task6FinishEv  rtos.o
    0x00003286   0x00000002   Code   RO         5107    i._ZN5cRTOS4Task6OnStopEv  rtos.o
    0x00003288   0x00000002   Code   RO         5101    i._ZN5cRTOS4Task7OnStartEv  rtos.o
    0x0000328a   0x00000018   Code   RO         4971    i._ZN5cRTOS4Task7starterEPv  rtos.o
    0x000032a2   0x00000002   PAD
    0x000032a4   0x0000002c   Code   RO         4972    i._ZN5cRTOS4TaskC2ERS_j  rtos.o
    0x000032d0   0x00000020   Code   RO         4974    i._ZN5cRTOS4TaskD2Ev  rtos.o
    0x000032f0   0x00000018   Code   RO         4975    i._ZN5cRTOS5PauseERNS_4TaskE  rtos.o
    0x00003308   0x00000038   Code   RO         4976    i._ZN5cRTOS5StartERNS_4TaskE  rtos.o
    0x00003340   0x00000008   Code   RO         4977    i._ZN5cRTOS5Timer12getTimeOfTicEv  rtos.o
    0x00003348   0x0000000a   Code   RO         4978    i._ZN5cRTOS5Timer7getTicsEv  rtos.o
    0x00003352   0x00000002   PAD
    0x00003354   0x00000024   Code   RO         4979    i._ZN5cRTOS5TimerC1Et  rtos.o
    0x00003378   0x00000028   Code   RO         5484    i._ZN5cRTOS8scheduleEjh  main.o
    0x000033a0   0x00000014   Code   RO         4980    i._ZN5cRTOSC2Ev     rtos.o
    0x000033b4   0x00000014   Code   RO         5889    i._ZN6AnalogC1Ehfs  analog.o
    0x000033c8   0x00000028   Code   RO         3209    i._ZN6cHwADC3getEh  lib.o
    0x000033f0   0x00000058   Code   RO         3228    i._ZN6cHwADC3isrEv  lib.o
    0x00003448   0x0000003e   Code   RO          339    i._ZN6cHwADC6enableEh  lib.o
    0x00003486   0x00000034   Code   RO         3221    i._ZN6cHwADC6updateEv  lib.o
    0x000034ba   0x00000002   PAD
    0x000034bc   0x00000054   Code   RO          340    i._ZN6cHwADCC2EhP8cHwTimer  lib.o
    0x00003510   0x0000000c   Code   RO          341    i._ZN6cHwDACC2Eh    lib.o
    0x0000351c   0x00000024   Code   RO          349    i._ZN6cTimer3setEtt  lib.o
    0x00003540   0x0000001a   Code   RO          351    i._ZN6cTimer5startEtt  lib.o
    0x0000355a   0x00000014   Code   RO          352    i._ZN6cTimer5startEv  lib.o
    0x0000356e   0x0000001e   Code   RO          353    i._ZN6cTimer7timeoutEtt  lib.o
    0x0000358c   0x0000003a   Code   RO          354    i._ZN6cTimer7timeoutEv  lib.o
    0x000035c6   0x00000002   PAD
    0x000035c8   0x00000010   Code   RO          355    i._ZN6cTimerC2Ev    lib.o
    0x000035d8   0x00000010   Code   RO         3861    i._ZN7cHwPort3Pin3clrEv  lib.o
    0x000035e8   0x0000001a   Code   RO         2988    i._ZN7cHwPort3Pin3getEv  lib.o
    0x00003602   0x00000020   Code   RO         2981    i._ZN7cHwPort3Pin3setEb  lib.o
    0x00003622   0x00000010   Code   RO         3854    i._ZN7cHwPort3Pin3setEv  lib.o
    0x00003632   0x00000014   Code   RO         2974    i._ZN7cHwPort3Pin7setModeENS_4ModeE  lib.o
    0x00003646   0x00000002   PAD
    0x00003648   0x00000018   Code   RO          356    i._ZN7cHwPort3PinC1ERS_h  lib.o
    0x00003660   0x0000000c   Code   RO         3277    i._ZN7cHwPortC2Ev   lib.o
    0x0000366c   0x00000030   Code   RO          404    i._ZN7cSystem13delayMicroSecEt  lib.o
    0x0000369c   0x00000018   Code   RO          405    i._ZN7cSystem13delayMilliSecEt  lib.o
    0x000036b4   0x00000002   Code   RO          407    i._ZN7cSystem15disableWatchdogEv  lib.o
    0x000036b6   0x00000002   PAD
    0x000036b8   0x00000020   Code   RO          408    i._ZN7cSystem15enableInterruptEv  lib.o
    0x000036d8   0x00000014   Code   RO          409    i._ZN7cSystem16disableInterruptEv  lib.o
    0x000036ec   0x00000018   Code   RO          414    i._ZN7cSystemC1Eh   lib.o
    0x00003704   0x00000028   Code   RO         6032    i._ZN8AnalogInC2Ehfs  analogin.o
    0x0000372c   0x0000000e   Code   RO         6036    i._ZN8AnalogIncvtEv  analogin.o
    0x0000373a   0x00000002   PAD
    0x0000373c   0x00000018   Code   RO         3241    i._ZN8cHwADC_07startChEh  lib.o
    0x00003754   0x0000006c   Code   RO          415    i._ZN8cHwADC_08configChEh  lib.o
    0x000037c0   0x00000010   Code   RO         3235    i._ZN8cHwADC_09getResultEv  lib.o
    0x000037d0   0x00000060   Code   RO          416    i._ZN8cHwADC_0C1EP8cHwTimer  lib.o
    0x00003830   0x00000014   Code   RO         4094    i._ZN8cHwDAC_03setEth  lib.o
    0x00003844   0x00000050   Code   RO          417    i._ZN8cHwDAC_0C1Ev  lib.o
    0x00003894   0x0000000e   Code   RO         3203    i._ZN8cHwTimer10isrHandlerEv  lib.o
    0x000038a2   0x00000006   Code   RO          421    i._ZN8cHwTimer12getCycleTimeEv  lib.o
    0x000038a8   0x00000012   Code   RO          422    i._ZN8cHwTimer3addEPN5cList4ItemE  lib.o
    0x000038ba   0x00000002   PAD
    0x000038bc   0x000000e0   Code   RO         2960    i._ZN8cHwUSB_03isrEv  lib.o
    0x0000399c   0x00000028   Code   RO          427    i._ZN8cHwUSB_05WrCmdEj  lib.o
    0x000039c4   0x00000030   Code   RO          432    i._ZN8cHwUSB_08RdCmdDatEj  lib.o
    0x000039f4   0x00000028   Code   RO         6134    i._ZN9AnalogOutC2Ehfs  analogout.o
    0x00003a1c   0x00000012   Code   RO         6138    i._ZN9AnalogOutaSEt  analogout.o
    0x00003a2e   0x00000028   Code   RO          445    i._ZN9cHwPort_N10setPinModeEhN7cHwPort4ModeE  lib.o
    0x00003a56   0x00000006   Code   RO         3340    i._ZN9cHwPort_N3clrEj  lib.o
    0x00003a5c   0x00000008   Code   RO         3346    i._ZN9cHwPort_N3getEv  lib.o
    0x00003a64   0x00000006   Code   RO         3328    i._ZN9cHwPort_N3setEj  lib.o
    0x00003a6a   0x00000002   PAD
    0x00003a6c   0x00000058   Code   RO          447    i._ZN9cHwPort_NC1ENS_6PortIdE  lib.o
    0x00003ac4   0x00000008   Code   RO          450    i._ZNK14cHwDisplayFont12getCharWidthEv  lib.o
    0x00003acc   0x00000008   Code   RO          451    i._ZNK14cHwDisplayFont13getCharHeightEv  lib.o
    0x00003ad4   0x0000000e   Code   RO         5083    i._ZdlPv            rtos.o
    0x00003ae2   0x0000000c   Code   RO         3191    i._Znaj             lib.o
    0x00003aee   0x00000028   Code   RO         6969    i.__ARM_fpclassify  m_ws.l(fpclassify.o)
    0x00003b16   0x00000004   Code   RO          455    i.__cxa_pure_virtual  lib.o
    0x00003b1a   0x00000002   PAD
    0x00003b1c   0x000001c0   Code   RO         5436    i.__sti___8_main_cpp_sys  main.o
    0x00003cdc   0x0000000e   Code   RO         6523    i._is_digit         c_w.l(__printf_wp.o)
    0x00003cea   0x00000002   PAD
    0x00003cec   0x00000180   Code   RO         5437    i.main              main.o
    0x00003e6c   0x0000002c   Code   RO         7143    locale$$code        c_w.l(lc_numeric_c.o)
    0x00003e98   0x0000002c   Code   RO         7185    locale$$code        c_w.l(lc_ctype_c.o)
    0x00003ec4   0x00000020   Code   RO         3179    t._ZN5cFifoIN18cDevControlEncoder6tEventEE6isFullEv  lib.o
    0x00003ee4   0x00000040   Code   RO         3185    t._ZN5cFifoIN18cDevControlEncoder6tEventEElsERKS1_  lib.o
    0x00003f24   0x00000034   Code   RO         5531    t._ZN8cRTOS_RRILh3EE3addEj  main.o
    0x00003f58   0x0000001c   Code   RO         5537    t._ZN8cRTOS_RRILh3EE3delEi  main.o
    0x00003f74   0x0000000a   Code   RO         5543    t._ZN8cRTOS_RRILh3EE3getEi  main.o
    0x00003f7e   0x00000058   Code   RO         5549    t._ZN8cRTOS_RRILh3EE9schedulerEjb  main.o
    0x00003fd6   0x00000002   PAD
    0x00003fd8   0x0000009c   Code   RO         5478    t._ZN8cRTOS_RRILh3EEC1Ej  main.o
    0x00004074   0x00000062   Code   RO         6669    x$fpl$d2f           fz_ws.l(d2f.o)
    0x000040d6   0x00000002   PAD
    0x000040d8   0x00000150   Code   RO         6671    x$fpl$dadd          fz_ws.l(daddsub_clz.o)
    0x00004228   0x000002b0   Code   RO         6678    x$fpl$ddiv          fz_ws.l(ddiv.o)
    0x000044d8   0x0000005a   Code   RO         6681    x$fpl$dfixu         fz_ws.l(dfixu.o)
    0x00004532   0x00000026   Code   RO         6685    x$fpl$dfltu         fz_ws.l(dflt_clz.o)
    0x00004558   0x00000154   Code   RO         6691    x$fpl$dmul          fz_ws.l(dmul.o)
    0x000046ac   0x0000009c   Code   RO         6933    x$fpl$dnaninf       fz_ws.l(dnaninf.o)
    0x00004748   0x0000000c   Code   RO         6935    x$fpl$dretinf       fz_ws.l(dretinf.o)
    0x00004754   0x000001d4   Code   RO         6673    x$fpl$dsub          fz_ws.l(daddsub_clz.o)
    0x00004928   0x00000056   Code   RO         6693    x$fpl$f2d           fz_ws.l(f2d.o)
    0x0000497e   0x00000002   PAD
    0x00004980   0x000000c4   Code   RO         6695    x$fpl$fadd          fz_ws.l(faddsub_clz.o)
    0x00004a44   0x00000018   Code   RO         6939    x$fpl$fcmpinf       fz_ws.l(fcmpi.o)
    0x00004a5c   0x00000184   Code   RO         6702    x$fpl$fdiv          fz_ws.l(fdiv.o)
    0x00004be0   0x0000003e   Code   RO         6711    x$fpl$ffixu         fz_ws.l(ffixu.o)
    0x00004c1e   0x00000002   PAD
    0x00004c20   0x00000030   Code   RO         6716    x$fpl$fflt          fz_ws.l(fflt_clz.o)
    0x00004c50   0x00000026   Code   RO         6715    x$fpl$ffltu         fz_ws.l(fflt_clz.o)
    0x00004c76   0x00000002   PAD
    0x00004c78   0x00000068   Code   RO         6721    x$fpl$fleqf         fz_ws.l(fleqf.o)
    0x00004ce0   0x00000102   Code   RO         6723    x$fpl$fmul          fz_ws.l(fmul.o)
    0x00004de2   0x0000008c   Code   RO         6941    x$fpl$fnaninf       fz_ws.l(fnaninf.o)
    0x00004e6e   0x0000000a   Code   RO         6943    x$fpl$fretinf       fz_ws.l(fretinf.o)
    0x00004e78   0x00000062   Code   RO         6725    x$fpl$frleqf        fz_ws.l(frleqf.o)
    0x00004eda   0x00000002   PAD
    0x00004edc   0x000000ea   Code   RO         6697    x$fpl$fsub          fz_ws.l(faddsub_clz.o)
    0x00004fc6   0x00000004   Code   RO         6947    x$fpl$printf1       fz_ws.l(printf1.o)
    0x00004fca   0x00000000   Code   RO         6951    x$fpl$usenofp       fz_ws.l(usenofp.o)
    0x00004fca   0x00000002   PAD
    0x00004fcc   0x0000001b   Data   RO          892    .constdata          lib.o
    0x00004fe7   0x00000485   Data   RO         5441    .constdata          main.o
    0x0000546c   0x00000011   Data   RO         6531    .constdata          c_w.l(__printf_flags_ss_wp.o)
    0x0000547d   0x00000003   PAD
    0x00005480   0x00000008   Data   RO         6809    .constdata          c_w.l(_printf_wctomb.o)
    0x00005488   0x00000028   Data   RO         6838    .constdata          c_w.l(_printf_hex_int_ll_ptr.o)
    0x000054b0   0x00000094   Data   RO         7118    .constdata          c_w.l(bigflt0.o)
    0x00005544   0x0000001c   Data   RO         3883    .constdata__ZTV10cHwDisplay  lib.o
    0x00005560   0x0000001c   Data   RO         2903    .constdata__ZTV10cHwTimer_N  lib.o
    0x0000557c   0x0000001c   Data   RO         6122    .constdata__ZTV11AnalogInADC  analoginadc.o
    0x00005598   0x00000044   Data   RO         2869    .constdata__ZTV11cDevDigital  lib.o
    0x000055dc   0x00000010   Data   RO         3935    .constdata__ZTV11cDevDisplay  lib.o
    0x000055ec   0x0000001c   Data   RO         6222    .constdata__ZTV12AnalogOutDAC  analogoutdac.o
    0x00005608   0x00000010   Data   RO         3906    .constdata__ZTV12cHwSPImaster  lib.o
    0x00005618   0x0000001c   Data   RO         2957    .constdata__ZTV12cTaskHandler  lib.o
    0x00005634   0x0000000c   Data   RO         5492    .constdata__ZTV13cTask_Example  main.o
    0x00005640   0x00000010   Data   RO         2901    .constdata__ZTV14cHwSPImaster_1  lib.o
    0x00005650   0x00000014   Data   RO         2943    .constdata__ZTV15cDevDisplayChar  lib.o
    0x00005664   0x00000050   Data   RO         2857    .constdata__ZTV17cHwDisplayGraphic  lib.o
    0x000056b4   0x00000030   Data   RO         5494    .constdata__ZTV17cRtosTask_Example  main.o
    0x000056e4   0x00000014   Data   RO         2949    .constdata__ZTV18cDevControlEncoder  lib.o
    0x000056f8   0x00000050   Data   RO         2913    .constdata__ZTV20cHwDisp_SPFD5408Bspi  lib.o
    0x00005748   0x00000014   Data   RO         2951    .constdata__ZTV26cDevControlEncoderJoystick  lib.o
    0x0000575c   0x00000014   Data   RO         6293    .constdata__ZTV3PWM  pwm.o
    0x00005770   0x00000018   Data   RO         5120    .constdata__ZTV5cRTOS  rtos.o
    0x00005788   0x00000010   Data   RO         5917    .constdata__ZTV6Analog  analog.o
    0x00005798   0x00000028   Data   RO         2873    .constdata__ZTV6cHwADC  lib.o
    0x000057c0   0x00000014   Data   RO         3871    .constdata__ZTV6cHwDAC  lib.o
    0x000057d4   0x00000010   Data   RO         3942    .constdata__ZTV6cTimer  lib.o
    0x000057e4   0x00000020   Data   RO         3877    .constdata__ZTV7cHwPort  lib.o
    0x00005804   0x0000001c   Data   RO         6074    .constdata__ZTV8AnalogIn  analogin.o
    0x00005820   0x00000028   Data   RO         2889    .constdata__ZTV8cHwADC_0  lib.o
    0x00005848   0x00000014   Data   RO         3873    .constdata__ZTV8cHwDAC_0  lib.o
    0x0000585c   0x0000001c   Data   RO         2837    .constdata__ZTV8cHwTimer  lib.o
    0x00005878   0x00000018   Data   RO         5496    .constdata__ZTV8cRTOS_RRILh3EE  main.o
    0x00005890   0x0000001c   Data   RO         6176    .constdata__ZTV9AnalogOut  analogout.o
    0x000058ac   0x00000020   Data   RO         2841    .constdata__ZTV9cHwPort_N  lib.o
    0x000058cc   0x0000002c   Data   RO         2843    .constdata__ZTVN12cHwSPImaster6DeviceE  lib.o
    0x000058f8   0x0000000c   Data   RO         3945    .constdata__ZTVN12cTaskHandler4TaskE  lib.o
    0x00005904   0x00000010   Data   RO         2959    .constdata__ZTVN12cTaskHandler5TimerE  lib.o
    0x00005914   0x0000000c   Data   RO         3869    .constdata__ZTVN5cList4ItemE  lib.o
    0x00005920   0x00000030   Data   RO         5074    .constdata__ZTVN5cRTOS4TaskE  rtos.o
    0x00005950   0x00000010   Data   RO         5076    .constdata__ZTVN5cRTOS5TimerE  rtos.o
    0x00005960   0x0000001c   Data   RO         3875    .constdata__ZTVN7cHwPort3PinE  lib.o
    0x0000597c   0x00000020   Data   RO         7217    Region$$Table       anon$$obj.o
    0x0000599c   0x0000001c   Data   RO         7142    locale$$data        c_w.l(lc_numeric_c.o)
    0x000059b8   0x00000110   Data   RO         7184    locale$$data        c_w.l(lc_ctype_c.o)
    0x00005ac8   0x00000004   Data   RO         5443    .init_array         main.o
    0x00005acc   0x00000000   Data   RO         6558    .init_array         c_w.l(init_aeabi.o)


    Execution Region ER_RW (Base: 0x10000000, Size: 0x000000e8, Max: 0xffffffff, ABSOLUTE)

    Base Addr    Size         Type   Attr      Idx    E Section Name        Object

    0x10000000   0x00000054   Data   RW          893    .data               lib.o
    0x10000054   0x00000004   Data   RW         4996    .data               rtos.o
    0x10000058   0x00000090   Data   RW         5442    .data               main.o


    Execution Region ER_ZI (Base: 0x100000e8, Size: 0x00007210, Max: 0xffffffff, ABSOLUTE)

    Base Addr    Size         Type   Attr      Idx    E Section Name        Object

    0x100000e8   0x000001b0   Zero   RW         5440    .bss                main.o
    0x10000298   0x00000060   Zero   RW         6996    .bss                c_w.l(libspace.o)
    0x100002f8   0x00006000   Zero   RW            2    HEAP                startup_lpc17xx.o
    0x100062f8   0x00001000   Zero   RW            1    STACK               startup_lpc17xx.o


==============================================================================

Image component sizes


      Code (inc. data)   RO Data    RW Data    ZI Data      Debug   Object Name

        20          6         16          0          0       1076   analog.o
        54          4         28          0          0       1568   analogin.o
       104          4         28          0          0       2668   analoginadc.o
        58          4         28          0          0       1604   analogout.o
       108          8         28          0          0       1660   analogoutdac.o
      6618        488        787         84          0     161202   lib.o
      1380        258       1245        144        432      41571   main.o
       200         14         20          0          0       6136   pwm.o
       594         54         88          4          0      16685   rtos.o
        32          0          0          0          0        472   rtos_asm.o
        60         26        204          0      28672       1168   startup_lpc17xx.o

    ----------------------------------------------------------------------
      9268        866       2504        232      29104     235810   Object Totals
         0          0         32          0          0          0   (incl. Generated)
        40          0          0          0          0          0   (incl. Padding)

    ----------------------------------------------------------------------

      Code (inc. data)   RO Data    RW Data    ZI Data      Debug   Library Member Name

         8          0          0          0          0         68   __main.o
       392          4         17          0          0         92   __printf_flags_ss_wp.o
        14          0          0          0          0         68   __printf_wp.o
         0          0          0          0          0          0   __rtentry.o
        12          0          0          0          0          0   __rtentry2.o
         6          0          0          0          0          0   __rtentry4.o
        52          8          0          0          0          0   __scatter.o
        26          0          0          0          0          0   __scatter_copy.o
        28          0          0          0          0          0   __scatter_zi.o
         6          0          0          0          0          0   _printf_a.o
         6          0          0          0          0          0   _printf_c.o
        44          0          0          0          0        108   _printf_char.o
        48          6          0          0          0         96   _printf_char_common.o
        40          0          0          0          0         68   _printf_charcount.o
         6          0          0          0          0          0   _printf_d.o
       120         16          0          0          0         92   _printf_dec.o
         6          0          0          0          0          0   _printf_e.o
         6          0          0          0          0          0   _printf_f.o
      1050          0          0          0          0        216   _printf_fp_dec.o
       128         16          0          0          0         84   _printf_fp_infnan.o
         6          0          0          0          0          0   _printf_g.o
       148          4         40          0          0        160   _printf_hex_int_ll_ptr.o
         6          0          0          0          0          0   _printf_i.o
       178          0          0          0          0         88   _printf_intcommon.o
        10          0          0          0          0          0   _printf_l.o
         6          0          0          0          0          0   _printf_lc.o
        10          0          0          0          0          0   _printf_ll.o
         6          0          0          0          0          0   _printf_lld.o
         6          0          0          0          0          0   _printf_lli.o
         6          0          0          0          0          0   _printf_llo.o
         6          0          0          0          0          0   _printf_llu.o
         6          0          0          0          0          0   _printf_llx.o
       124         16          0          0          0         92   _printf_longlong_dec.o
         6          0          0          0          0          0   _printf_ls.o
         6          0          0          0          0          0   _printf_n.o
         6          0          0          0          0          0   _printf_o.o
       112         10          0          0          0        124   _printf_oct_int_ll.o
         6          0          0          0          0          0   _printf_p.o
        78          0          0          0          0        108   _printf_pad.o
         0          0          0          0          0          0   _printf_percent.o
         4          0          0          0          0          0   _printf_percent_end.o
         6          0          0          0          0          0   _printf_s.o
        82          0          0          0          0         80   _printf_str.o
        36          0          0          0          0         84   _printf_truncate.o
         6          0          0          0          0          0   _printf_u.o
        44          0          0          0          0        108   _printf_wchar.o
       188          6          8          0          0         92   _printf_wctomb.o
         6          0          0          0          0          0   _printf_x.o
        16          0          0          0          0         68   _snputc.o
        10          0          0          0          0         68   _sputc.o
        64          0          0          0          0         92   _wcrtomb.o
        22          0          0          0          0         80   abort.o
        46          0          0          0          0         84   aeabi_atexit.o
       220          4        148          0          0         96   bigflt0.o
      1910        128          0          0          0        672   btod.o
        52          4          0          0          0         80   c89vsnprintf.o
        66          0          0          0          0         84   cxa_finalize.o
        48         34          0          0          0         76   defsig_abrt_inner.o
        14          0          0          0          0         80   defsig_abrt_outer.o
        10          0          0          0          0         68   defsig_exit.o
        50          0          0          0          0         88   defsig_general.o
        80         58          0          0          0         76   defsig_rtmem_inner.o
        14          0          0          0          0         80   defsig_rtmem_outer.o
        18          0          0          0          0         80   exit.o
        94          0          0          0          0         80   h1_alloc.o
        52          0          0          0          0         68   h1_extend.o
        78          0          0          0          0         80   h1_free.o
        14          0          0          0          0         84   h1_init.o
         6          0          0          0          0        152   heapauxi.o
         4          0          0          0          0        136   hguard.o
         0          0          0          0          0          0   indicate_semi.o
        36         10          0          0          0         80   init_aeabi.o
       138          0          0          0          0        168   init_alloc.o
        44         10        272          0          0         76   lc_ctype_c.o
        44         10         28          0          0         76   lc_numeric_c.o
         2          0          0          0          0          0   libinit.o
        42          0          0          0          0          0   libinit2.o
         2          0          0          0          0          0   libshutdown.o
         8          0          0          0          0          0   libshutdown2.o
         8          4          0          0         96         68   libspace.o
       138          0          0          0          0         80   lludiv10.o
       238          0          0          0          0        100   lludivv7m.o
         0          0          0          0          0          0   maybetermalloc1.o
        16          4          0          0          0         76   rt_ctype_table.o
         8          4          0          0          0         68   rt_ddtor_pointer_addr_intlibspace.o
         8          4          0          0          0         68   rt_heap_descriptor_intlibspace.o
         8          4          0          0          0         68   rt_locale_intlibspace.o
         2          0          0          0          0          0   rtexit.o
        10          0          0          0          0          0   rtexit2.o
       128          0          0          0          0         68   strcmpv7m.o
        12          4          0          0          0         68   sys_exit.o
        74          0          0          0          0         80   sys_stackheap_outer.o
        14          0          0          0          0         76   sys_wrch.o
         2          0          0          0          0         68   use_no_semi.o
        98          4          0          0          0         92   d2f.o
       804         16          0          0          0        272   daddsub_clz.o
       688        140          0          0          0        208   ddiv.o
        90          4          0          0          0         92   dfixu.o
        38          0          0          0          0         68   dflt_clz.o
       340         12          0          0          0        104   dmul.o
       156          4          0          0          0         92   dnaninf.o
        12          0          0          0          0         68   dretinf.o
        86          4          0          0          0         84   f2d.o
       430          8          0          0          0        168   faddsub_clz.o
        24          0          0          0          0         68   fcmpi.o
       388         76          0          0          0         96   fdiv.o
        62          4          0          0          0         84   ffixu.o
        86          0          0          0          0        136   fflt_clz.o
       104          4          0          0          0         84   fleqf.o
       258          4          0          0          0         84   fmul.o
       140          4          0          0          0         84   fnaninf.o
        10          0          0          0          0         68   fretinf.o
        98          0          0          0          0         68   frleqf.o
         4          0          0          0          0         68   printf1.o
         0          0          0          0          0          0   usenofp.o
        40          0          0          0          0         68   fpclassify.o

    ----------------------------------------------------------------------
     10956        652        516          0         96       7744   Library Totals
        28          0          3          0          0          0   (incl. Padding)

    ----------------------------------------------------------------------

      Code (inc. data)   RO Data    RW Data    ZI Data      Debug   Library Name

      6972        368        513          0         96       5588   c_w.l
      3916        284          0          0          0       2088   fz_ws.l
        40          0          0          0          0         68   m_ws.l

    ----------------------------------------------------------------------
     10956        652        516          0         96       7744   Library Totals

    ----------------------------------------------------------------------

==============================================================================


      Code (inc. data)   RO Data    RW Data    ZI Data      Debug   

     20224       1518       3020        232      29200     230602   Grand Totals
     20224       1518       3020        232      29200     230602   ELF Image Totals
     20224       1518       3020        232          0          0   ROM Totals

==============================================================================

    Total RO  Size (Code + RO Data)                23244 (  22.70kB)
    Total RW  Size (RW Data + ZI Data)             29432 (  28.74kB)
    Total ROM Size (Code + RO Data + RW Data)      23476 (  22.93kB)

==============================================================================

